<html>
<body>
<pre>
<h1>µVision Build Log</h1>
<h2>Tool Versions:</h2>
IDE-Version: ¦ÌVision V5.24.2.0
Copyright (C) 2017 ARM Ltd and ARM Germany GmbH. All rights reserved.
License Information: simple li, simplejy, LIC=RC9VE-5460B-MLSCI-TUSXY-P11VM-1NP9S
 
Tool Versions:
Toolchain:       MDK-ARM Plus  Version: 5.24.1
Toolchain Path:  D:\Keil\ARM\ARMCC\Bin
C Compiler:      Armcc.exe V5.06 update 5 (build 528)
Assembler:       Armasm.exe V5.06 update 5 (build 528)
Linker/Locator:  ArmLink.exe V5.06 update 5 (build 528)
Library Manager: ArmAr.exe V5.06 update 5 (build 528)
Hex Converter:   FromElf.exe V5.06 update 5 (build 528)
CPU DLL:         SARMCM3.DLL V5.24.1
Dialog DLL:      DARMSTM.DLL V1.68.0.0
Target DLL:      Segger\JL2CM3.dll V2.99.26.0
Dialog DLL:      TCM.DLL V1.32.0.0
 
<h2>Project:</h2>
F:\Code\Project_Template\Template_STM32F103C8_HAL_RTT\MDK-ARM\Template.uvprojx
Project File Date:  08/08/2018

<h2>Output:</h2>
*** Using Compiler 'V5.06 update 5 (build 528)', folder: 'D:\Keil\ARM\ARMCC\Bin'
Build target 'Template'
compiling main.c...
compiling BSP_Main.c...
compiling SYS.c...
compiling BSP_Flash.c...
compiling cpuport.c...
compiling clock.c...
compiling components.c...
compiling device.c...
compiling idle.c...
compiling ipc.c...
compiling irq.c...
compiling kservice.c...
compiling mem.c...
compiling object.c...
compiling scheduler.c...
compiling thread.c...
compiling timer.c...
compiling board.c...
linking...
Program Size: Code=9078 RO-data=598 RW-data=132 ZI-data=2732  
FromELF: creating hex file...
"Template\Template.axf" - 0 Error(s), 0 Warning(s).

<h2>Software Packages used:</h2>

Package Vendor: ARM
                http://www.keil.com/pack/ARM.CMSIS.5.0.1.pack
                ARM.CMSIS.5.0.1
                CMSIS (Cortex Microcontroller Software Interface Standard)
   * Component: CORE Version: 5.0.1

Package Vendor: rt-thread
                http://www.rt-thread.org/download/mdk/rt-thread.rtthread.3.0.3.pack
                rt-thread.rtthread.3.0.3
                RT-Thread Software Components
   * Component: kernel Version: 3.0.3

Package Vendor: Keil
                http://www.keil.com/pack/Keil.STM32F1xx_DFP.2.2.0.pack
                Keil.STM32F1xx_DFP.2.2.0
                STMicroelectronics STM32F1 Series Device Support, Drivers and Examples

<h2>Collection of Component include folders:</h2>
  .\RTE\RTOS
  .\RTE\_Template
  D:\Keil\ARM\PACK\ARM\CMSIS\5.0.1\CMSIS\Include
  D:\Keil\ARM\PACK\Keil\STM32F1xx_DFP\2.2.0\Device\Include
  D:\Keil\ARM\PACK\rt-thread\rtthread\3.0.3\include

<h2>Collection of Component Files used:</h2>

   * Component: rt-thread.RT-Thread::RTOS:kernel:3.0.3
      Include file:  bsp\rtconfig.h
      Source file:   bsp\board.c
      Source file:   src\clock.c
      Source file:   src\components.c
      Source file:   src\device.c
      Source file:   src\idle.c
      Source file:   src\ipc.c
      Source file:   src\irq.c
      Source file:   src\kservice.c
      Source file:   src\mem.c
      Source file:   src\object.c
      Source file:   src\scheduler.c
      Source file:   src\thread.c
      Source file:   src\timer.c
      Source file:   libcpu\arm\cortex-m3\cpuport.c
      Source file:   libcpu\arm\cortex-m3\context_rvds.S

   * Component: ARM::CMSIS:CORE:5.0.1
Build Time Elapsed:  00:00:11
</pre>
</body>
</html>
