Component: ARM Compiler 5.06 update 4 (build 422) Tool: armlink [4d35d2]

==============================================================================

Section Cross References

    system_stm32f1xx.o(i.SystemCoreClockUpdate) refers to system_stm32f1xx.o(.data) for .data
    system_stm32f1xx.o(i.SystemCoreClockUpdate) refers to system_stm32f1xx.o(.constdata) for .constdata
    gpio.o(i.MX_GPIO_Init) refers to stm32f1xx_hal_gpio.o(i.HAL_GPIO_WritePin) for HAL_GPIO_WritePin
    gpio.o(i.MX_GPIO_Init) refers to stm32f1xx_hal_gpio.o(i.HAL_GPIO_Init) for HAL_GPIO_Init
    stm32f1xx_hal_msp.o(i.HAL_MspInit) refers to stm32f1xx_hal_cortex.o(i.HAL_NVIC_SetPriorityGrouping) for HAL_NVIC_SetPriorityGrouping
    stm32f1xx_hal_msp.o(i.HAL_MspInit) refers to stm32f1xx_hal_cortex.o(i.HAL_NVIC_SetPriority) for HAL_NVIC_SetPriority
    usart.o(i.HAL_UART_MspDeInit) refers to stm32f1xx_hal_gpio.o(i.HAL_GPIO_DeInit) for HAL_GPIO_DeInit
    usart.o(i.HAL_UART_MspInit) refers to stm32f1xx_hal_gpio.o(i.HAL_GPIO_Init) for HAL_GPIO_Init
    usart.o(i.MX_USART1_UART_Init) refers to stm32f1xx_hal_uart.o(i.HAL_UART_Init) for HAL_UART_Init
    usart.o(i.MX_USART1_UART_Init) refers to main.o(i.Error_Handler) for Error_Handler
    usart.o(i.MX_USART1_UART_Init) refers to usart.o(.bss) for .bss
    usart.o(i.fputc) refers to stm32f1xx_hal_uart.o(i.HAL_UART_Transmit) for HAL_UART_Transmit
    usart.o(i.fputc) refers to usart.o(.bss) for .bss
    main.o(i.SystemClock_Config) refers to stm32f1xx_hal_rcc.o(i.HAL_RCC_OscConfig) for HAL_RCC_OscConfig
    main.o(i.SystemClock_Config) refers to stm32f1xx_hal_rcc.o(i.HAL_RCC_ClockConfig) for HAL_RCC_ClockConfig
    main.o(i.SystemClock_Config) refers to stm32f1xx_hal_rcc.o(i.HAL_RCC_GetHCLKFreq) for HAL_RCC_GetHCLKFreq
    main.o(i.SystemClock_Config) refers to stm32f1xx_hal_cortex.o(i.HAL_SYSTICK_Config) for HAL_SYSTICK_Config
    main.o(i.SystemClock_Config) refers to stm32f1xx_hal_cortex.o(i.HAL_SYSTICK_CLKSourceConfig) for HAL_SYSTICK_CLKSourceConfig
    main.o(i.SystemClock_Config) refers to stm32f1xx_hal_cortex.o(i.HAL_NVIC_SetPriority) for HAL_NVIC_SetPriority
    main.o(i.main) refers to stm32f1xx_hal.o(i.HAL_Init) for HAL_Init
    main.o(i.main) refers to main.o(i.SystemClock_Config) for SystemClock_Config
    main.o(i.main) refers to gpio.o(i.MX_GPIO_Init) for MX_GPIO_Init
    main.o(i.main) refers to usart.o(i.MX_USART1_UART_Init) for MX_USART1_UART_Init
    main.o(i.main) refers to bsp_main.o(i.BSP_Main) for BSP_Main
    stm32f1xx_hal_uart.o(i.HAL_HalfDuplex_Init) refers to usart.o(i.HAL_UART_MspInit) for HAL_UART_MspInit
    stm32f1xx_hal_uart.o(i.HAL_HalfDuplex_Init) refers to stm32f1xx_hal_uart.o(i.UART_SetConfig) for UART_SetConfig
    stm32f1xx_hal_uart.o(i.HAL_LIN_Init) refers to usart.o(i.HAL_UART_MspInit) for HAL_UART_MspInit
    stm32f1xx_hal_uart.o(i.HAL_LIN_Init) refers to stm32f1xx_hal_uart.o(i.UART_SetConfig) for UART_SetConfig
    stm32f1xx_hal_uart.o(i.HAL_MultiProcessor_Init) refers to usart.o(i.HAL_UART_MspInit) for HAL_UART_MspInit
    stm32f1xx_hal_uart.o(i.HAL_MultiProcessor_Init) refers to stm32f1xx_hal_uart.o(i.UART_SetConfig) for UART_SetConfig
    stm32f1xx_hal_uart.o(i.HAL_UART_DMAStop) refers to stm32f1xx_hal_dma.o(i.HAL_DMA_Abort) for HAL_DMA_Abort
    stm32f1xx_hal_uart.o(i.HAL_UART_DeInit) refers to usart.o(i.HAL_UART_MspDeInit) for HAL_UART_MspDeInit
    stm32f1xx_hal_uart.o(i.HAL_UART_IRQHandler) refers to stm32f1xx_hal_uart.o(i.UART_Receive_IT) for UART_Receive_IT
    stm32f1xx_hal_uart.o(i.HAL_UART_IRQHandler) refers to stm32f1xx_hal_uart.o(i.UART_Transmit_IT) for UART_Transmit_IT
    stm32f1xx_hal_uart.o(i.HAL_UART_IRQHandler) refers to stm32f1xx_hal_uart.o(i.HAL_UART_TxCpltCallback) for HAL_UART_TxCpltCallback
    stm32f1xx_hal_uart.o(i.HAL_UART_IRQHandler) refers to stm32f1xx_hal_uart.o(i.HAL_UART_ErrorCallback) for HAL_UART_ErrorCallback
    stm32f1xx_hal_uart.o(i.HAL_UART_Init) refers to usart.o(i.HAL_UART_MspInit) for HAL_UART_MspInit
    stm32f1xx_hal_uart.o(i.HAL_UART_Init) refers to stm32f1xx_hal_uart.o(i.UART_SetConfig) for UART_SetConfig
    stm32f1xx_hal_uart.o(i.HAL_UART_Receive) refers to stm32f1xx_hal_uart.o(i.UART_WaitOnFlagUntilTimeout) for UART_WaitOnFlagUntilTimeout
    stm32f1xx_hal_uart.o(i.HAL_UART_Receive_DMA) refers to stm32f1xx_hal_dma.o(i.HAL_DMA_Start_IT) for HAL_DMA_Start_IT
    stm32f1xx_hal_uart.o(i.HAL_UART_Receive_DMA) refers to stm32f1xx_hal_uart.o(i.UART_DMAReceiveCplt) for UART_DMAReceiveCplt
    stm32f1xx_hal_uart.o(i.HAL_UART_Receive_DMA) refers to stm32f1xx_hal_uart.o(i.UART_DMARxHalfCplt) for UART_DMARxHalfCplt
    stm32f1xx_hal_uart.o(i.HAL_UART_Receive_DMA) refers to stm32f1xx_hal_uart.o(i.UART_DMAError) for UART_DMAError
    stm32f1xx_hal_uart.o(i.HAL_UART_Transmit) refers to stm32f1xx_hal_uart.o(i.UART_WaitOnFlagUntilTimeout) for UART_WaitOnFlagUntilTimeout
    stm32f1xx_hal_uart.o(i.HAL_UART_Transmit_DMA) refers to stm32f1xx_hal_dma.o(i.HAL_DMA_Start_IT) for HAL_DMA_Start_IT
[...]
    i.OS_PendListRemove1                     0x08002e8a   Section        0  os_core.o(i.OS_PendListRemove1)
    i.OS_Post                                0x08002ec0   Section        0  os_core.o(i.OS_Post)
    i.OS_Post1                               0x08002f58   Section        0  os_core.o(i.OS_Post1)
    i.OS_PrioGetHighest                      0x08002f80   Section        0  os_prio.o(i.OS_PrioGetHighest)
    i.OS_PrioInit                            0x08002fa4   Section        0  os_prio.o(i.OS_PrioInit)
    i.OS_PrioInsert                          0x08002fb0   Section        0  os_prio.o(i.OS_PrioInsert)
    i.OS_PrioRemove                          0x08002fd0   Section        0  os_prio.o(i.OS_PrioRemove)
    i.OS_QInit                               0x08002ff0   Section        0  os_q.o(i.OS_QInit)
    i.OS_QPost                               0x08003008   Section        0  os_q.o(i.OS_QPost)
    i.OS_RdyListInit                         0x0800310c   Section        0  os_core.o(i.OS_RdyListInit)
    i.OS_RdyListInsert                       0x08003130   Section        0  os_core.o(i.OS_RdyListInsert)
    i.OS_RdyListInsertHead                   0x08003160   Section        0  os_core.o(i.OS_RdyListInsertHead)
    i.OS_RdyListInsertTail                   0x08003198   Section        0  os_core.o(i.OS_RdyListInsertTail)
    i.OS_RdyListMoveHeadToTail               0x080031cc   Section        0  os_core.o(i.OS_RdyListMoveHeadToTail)
    i.OS_RdyListRemove                       0x08003200   Section        0  os_core.o(i.OS_RdyListRemove)
    i.OS_Sched0                              0x08003254   Section        0  os_core.o(i.OS_Sched0)
    i.OS_SchedLockTimeMeasStart              0x0800329c   Section        0  os_core.o(i.OS_SchedLockTimeMeasStart)
    i.OS_SchedLockTimeMeasStop               0x080032b8   Section        0  os_core.o(i.OS_SchedLockTimeMeasStop)
    i.OS_SchedRoundRobin                     0x080032f4   Section        0  os_core.o(i.OS_SchedRoundRobin)
    i.OS_SemDbgListAdd                       0x0800335c   Section        0  os_sem.o(i.OS_SemDbgListAdd)
    i.OS_SemInit                             0x08003380   Section        0  os_sem.o(i.OS_SemInit)
    i.OS_SemPost                             0x08003398   Section        0  os_sem.o(i.OS_SemPost)
    i.OS_StatTask                            0x0800347c   Section        0  os_stat.o(i.OS_StatTask)
    i.OS_StatTaskInit                        0x08003720   Section        0  os_stat.o(i.OS_StatTaskInit)
    i.OS_TaskBlock                           0x080037dc   Section        0  os_core.o(i.OS_TaskBlock)
    i.OS_TaskDbgListAdd                      0x08003808   Section        0  os_task.o(i.OS_TaskDbgListAdd)
    i.OS_TaskDbgListRemove                   0x0800382c   Section        0  os_task.o(i.OS_TaskDbgListRemove)
    i.OS_TaskInit                            0x08003864   Section        0  os_task.o(i.OS_TaskInit)
    i.OS_TaskInitTCB                         0x08003884   Section        0  os_task.o(i.OS_TaskInitTCB)
    i.OS_TaskQPost                           0x0800394c   Section        0  os_task.o(i.OS_TaskQPost)
    i.OS_TaskRdy                             0x08003a90   Section        0  os_core.o(i.OS_TaskRdy)
    i.OS_TaskResume                          0x08003aac   Section        0  os_task.o(i.OS_TaskResume)
    i.OS_TaskReturn                          0x08003bac   Section        0  os_task.o(i.OS_TaskReturn)
    i.OS_TaskSemPost                         0x08003bc4   Section        0  os_task.o(i.OS_TaskSemPost)
    i.OS_TaskSuspend                         0x08003d4c   Section        0  os_task.o(i.OS_TaskSuspend)
    i.OS_TickListInit                        0x08003e34   Section        0  os_tick.o(i.OS_TickListInit)
    i.OS_TickListInsert                      0x08003e60   Section        0  os_tick.o(i.OS_TickListInsert)
    i.OS_TickListRemove                      0x08003f38   Section        0  os_tick.o(i.OS_TickListRemove)
    i.OS_TickListResetPeak                   0x08003f70   Section        0  os_tick.o(i.OS_TickListResetPeak)
    i.OS_TickListUpdate                      0x08003f98   Section        0  os_tick.o(i.OS_TickListUpdate)
    i.OS_TickTask                            0x08004114   Section        0  os_tick.o(i.OS_TickTask)
    i.OS_TickTaskInit                        0x0800413c   Section        0  os_tick.o(i.OS_TickTaskInit)
    i.OS_TmrInit                             0x080041e4   Section        0  os_tmr.o(i.OS_TmrInit)
    i.OS_TmrLink                             0x080042e8   Section        0  os_tmr.o(i.OS_TmrLink)
    i.OS_TmrResetPeak                        0x08004380   Section        0  os_tmr.o(i.OS_TmrResetPeak)
    i.OS_TmrTask                             0x080043a8   Section        0  os_tmr.o(i.OS_TmrTask)
    i.OS_TmrUnlink                           0x0800444c   Section        0  os_tmr.o(i.OS_TmrUnlink)
    i.SVC_Handler                            0x08004498   Section        0  stm32f1xx_it.o(i.SVC_Handler)
    i.SysTick_Handler                        0x0800449c   Section        0  delay.o(i.SysTick_Handler)
    i.SystemClock_Config                     0x080044bc   Section        0  main.o(i.SystemClock_Config)
    i.SystemInit                             0x08004524   Section        0  system_stm32f1xx.o(i.SystemInit)
    i.UART_SetConfig                         0x0800456c   Section        0  stm32f1xx_hal_uart.o(i.UART_SetConfig)
    UART_SetConfig                           0x0800456d   Thumb Code   364  stm32f1xx_hal_uart.o(i.UART_SetConfig)
    i.UART_WaitOnFlagUntilTimeout            0x080046dc   Section        0  stm32f1xx_hal_uart.o(i.UART_WaitOnFlagUntilTimeout)
    UART_WaitOnFlagUntilTimeout              0x080046dd   Thumb Code   146  stm32f1xx_hal_uart.o(i.UART_WaitOnFlagUntilTimeout)
    i.UsageFault_Handler                     0x0800476e   Section        0  stm32f1xx_it.o(i.UsageFault_Handler)
    i.__0printf$2                            0x08004770   Section        0  printf2.o(i.__0printf$2)
    i.__scatterload_copy                     0x08004790   Section       14  handlers.o(i.__scatterload_copy)
    i.__scatterload_null                     0x0800479e   Section        2  handlers.o(i.__scatterload_null)
    i.__scatterload_zeroinit                 0x080047a0   Section       14  handlers.o(i.__scatterload_zeroinit)
    i._printf_core                           0x080047ae   Section        0  printf2.o(i._printf_core)
    _printf_core                             0x080047af   Thumb Code   214  printf2.o(i._printf_core)
    i.delay_init                             0x08004884   Section        0  delay.o(i.delay_init)
    i.delay_ms                               0x080048dc   Section        0  delay.o(i.delay_ms)
    i.delay_ostimedly                        0x08004920   Section        0  delay.o(i.delay_ostimedly)
    i.delay_us                               0x0800492c   Section        0  delay.o(i.delay_us)
    i.float_task                             0x08004970   Section        0  bsp_main.o(i.float_task)
    i.fputc                                  0x080049fc   Section        0  usart.o(i.fputc)
    i.led0_task                              0x08004a18   Section        0  bsp_main.o(i.led0_task)
    i.main                                   0x08004ab4   Section        0  main.o(i.main)
    i.start_task                             0x08004acc   Section        0  bsp_main.o(i.start_task)
    .constdata                               0x08004c04   Section       16  system_stm32f1xx.o(.constdata)
    .constdata                               0x08004c14   Section        8  system_stm32f1xx.o(.constdata)
    .constdata                               0x08004c1c   Section        4  os_cfg_app.o(.constdata)
    .constdata                               0x08004c20   Section        4  os_cfg_app.o(.constdata)
    .constdata                               0x08004c24   Section        4  os_cfg_app.o(.constdata)
    .constdata                               0x08004c28   Section        4  os_cfg_app.o(.constdata)
    .constdata                               0x08004c2c   Section        2  os_cfg_app.o(.constdata)
    .constdata                               0x08004c30   Section        4  os_cfg_app.o(.constdata)
    .constdata                               0x08004c34   Section        4  os_cfg_app.o(.constdata)
    .constdata                               0x08004c38   Section        4  os_cfg_app.o(.constdata)
    .constdata                               0x08004c3c   Section        4  os_cfg_app.o(.constdata)
    .constdata                               0x08004c40   Section        4  os_cfg_app.o(.constdata)
    .constdata                               0x08004c44   Section        2  os_cfg_app.o(.constdata)
    .constdata                               0x08004c48   Section        4  os_cfg_app.o(.constdata)
    .constdata                               0x08004c4c   Section        1  os_cfg_app.o(.constdata)
    .constdata                               0x08004c50   Section        4  os_cfg_app.o(.constdata)
    .constdata                               0x08004c54   Section        4  os_cfg_app.o(.constdata)
    .constdata                               0x08004c58   Section        4  os_cfg_app.o(.constdata)
    .constdata                               0x08004c5c   Section        4  os_cfg_app.o(.constdata)
    .constdata                               0x08004c60   Section        4  os_cfg_app.o(.constdata)
    .constdata                               0x08004c64   Section        4  os_cfg_app.o(.constdata)
    .constdata                               0x08004c68   Section        1  os_cfg_app.o(.constdata)
    .constdata                               0x08004c6c   Section        4  os_cfg_app.o(.constdata)
    .constdata                               0x08004c70   Section        4  os_cfg_app.o(.constdata)
    .constdata                               0x08004c74   Section        4  os_cfg_app.o(.constdata)
    .constdata                               0x08004c78   Section        2  os_cfg_app.o(.constdata)
    .constdata                               0x08004c7a   Section        1  os_cfg_app.o(.constdata)
    .constdata                               0x08004c7c   Section        4  os_cfg_app.o(.constdata)
    .constdata                               0x08004c80   Section        4  os_cfg_app.o(.constdata)
    .constdata                               0x08004c84   Section        4  os_cfg_app.o(.constdata)
    .constdata                               0x08004c88   Section        4  os_cfg_app.o(.constdata)
    .constdata                               0x08004c8c   Section        2  os_cfg_app.o(.constdata)
    .data                                    0x20000000   Section        4  system_stm32f1xx.o(.data)
    .data                                    0x20000004   Section        4  stm32f1xx_hal.o(.data)
    uwTick                                   0x20000004   Data           4  stm32f1xx_hal.o(.data)
    .data                                    0x20000008   Section       28  cpu_core.o(.data)
    .data                                    0x20000024   Section        4  os_prio.o(.data)
    .data                                    0x20000028   Section        4  os_var.o(.data)
    .data                                    0x2000002c   Section        4  os_var.o(.data)
    .data                                    0x20000030   Section        4  os_var.o(.data)
    .data                                    0x20000034   Section        4  os_var.o(.data)
    .data                                    0x20000038   Section        4  os_var.o(.data)
    .data                                    0x2000003c   Section        4  os_var.o(.data)
    .data                                    0x20000040   Section        4  os_var.o(.data)
    .data                                    0x20000044   Section        4  os_var.o(.data)
    .data                                    0x20000048   Section        1  os_var.o(.data)
    .data                                    0x2000004c   Section        4  os_var.o(.data)
    .data                                    0x20000050   Section        1  os_var.o(.data)
    .data                                    0x20000054   Section        4  os_var.o(.data)
    .data                                    0x20000058   Section        4  os_var.o(.data)
    .data                                    0x2000005c   Section        2  os_var.o(.data)
    .data                                    0x2000005e   Section        2  os_var.o(.data)
    .data                                    0x20000060   Section        2  os_var.o(.data)
    .data                                    0x20000064   Section        4  os_var.o(.data)
    .data                                    0x20000068   Section        4  os_var.o(.data)
    .data                                    0x2000006c   Section        2  os_var.o(.data)
    .data                                    0x20000070   Section        4  os_var.o(.data)
    .data                                    0x20000074   Section        2  os_var.o(.data)
    .data                                    0x20000078   Section        4  os_var.o(.data)
    .data                                    0x2000007c   Section        2  os_var.o(.data)
    .data                                    0x2000007e   Section        1  os_var.o(.data)
    .data                                    0x2000007f   Section        1  os_var.o(.data)
    .data                                    0x20000080   Section        1  os_var.o(.data)
    .data                                    0x20000084   Section        4  os_var.o(.data)
    .data                                    0x20000088   Section        2  os_var.o(.data)
    .data                                    0x2000008c   Section        4  os_var.o(.data)
    .data                                    0x20000090   Section        4  os_var.o(.data)
    .data                                    0x20000094   Section        4  os_var.o(.data)
    .data                                    0x20000098   Section        1  os_var.o(.data)
    .data                                    0x2000009c   Section        4  os_var.o(.data)
    .data                                    0x200000a0   Section        1  os_var.o(.data)
    .data                                    0x200000a4   Section        4  os_var.o(.data)
    .data                                    0x200000a8   Section        2  os_var.o(.data)
    .data                                    0x200000aa   Section        1  os_var.o(.data)
    .data                                    0x200000ac   Section        2  os_var.o(.data)
    .data                                    0x200000ae   Section        2  os_var.o(.data)
    .data                                    0x200000b0   Section        4  os_var.o(.data)
    .data                                    0x200000b4   Section        4  os_var.o(.data)
    .data                                    0x200000b8   Section        4  os_var.o(.data)
    .data                                    0x200000bc   Section        1  os_var.o(.data)
    .data                                    0x200000c0   Section        4  os_var.o(.data)
    .data                                    0x200000c4   Section        4  os_var.o(.data)
    .data                                    0x200000c8   Section        4  os_var.o(.data)
    .data                                    0x200000cc   Section        2  os_var.o(.data)
    .data                                    0x200000ce   Section        1  os_var.o(.data)
    .data                                    0x200000d0   Section        4  os_var.o(.data)
    .data                                    0x200000d4   Section        4  os_var.o(.data)
    .data                                    0x200000d8   Section        4  os_var.o(.data)
    .data                                    0x200000dc   Section        4  os_var.o(.data)
    .data                                    0x200000e0   Section        4  os_var.o(.data)
    .data                                    0x200000e4   Section        4  os_var.o(.data)
    .data                                    0x200000e8   Section        4  os_var.o(.data)
    .data                                    0x200000ec   Section        4  os_var.o(.data)
    .data                                    0x200000f0   Section        4  os_var.o(.data)
    .data                                    0x200000f4   Section        4  os_cpu_c.o(.data)
    .data                                    0x200000f8   Section        4  delay.o(.data)
    fac_us                                   0x200000f8   Data           1  delay.o(.data)
    fac_ms                                   0x200000fa   Data           2  delay.o(.data)
    .data                                    0x200000fc   Section        4  stdout.o(.data)
    .bss                                     0x20000100   Section       64  usart.o(.bss)
    .bss                                     0x20000140   Section       16  cpu_core.o(.bss)
    .bss                                     0x20000150   Section      512  os_cfg_app.o(.bss)
    .bss                                     0x20000350   Section      320  os_cfg_app.o(.bss)
    .bss                                     0x20000490   Section      512  os_cfg_app.o(.bss)
    .bss                                     0x20000690   Section      512  os_cfg_app.o(.bss)
    .bss                                     0x20000890   Section     1600  os_cfg_app.o(.bss)
    .bss                                     0x20000ed0   Section      512  os_cfg_app.o(.bss)
    .bss                                     0x200010d0   Section      512  os_cfg_app.o(.bss)
    .bss                                     0x200012d0   Section      136  os_cfg_app.o(.bss)
    .bss                                     0x20001358   Section      512  os_cfg_app.o(.bss)
    .bss                                     0x20001558   Section      136  os_cfg_app.o(.bss)
    .bss                                     0x200015e0   Section      200  os_var.o(.bss)
    .bss                                     0x200016a8   Section      200  os_var.o(.bss)
    .bss                                     0x20001770   Section       12  os_var.o(.bss)
    .bss                                     0x2000177c   Section      384  os_var.o(.bss)
    .bss                                     0x200018fc   Section      200  os_var.o(.bss)
    .bss                                     0x200019c4   Section      200  os_var.o(.bss)
    .bss                                     0x20001a8c   Section      200  os_var.o(.bss)
    .bss                                     0x20001b58   Section     3742  bsp_main.o(.bss)
    STACK                                    0x200029f8   Section     1024  startup_stm32f103xb.o(STACK)

    Global Symbols

    Symbol Name                              Value     Ov Type        Size  Object(Section)

    BuildAttributes$$THM_ISAv4$P$D$K$B$S$PE$A:L22UL41UL21$X:L11$S22US41US21$IEEE1$IW$USESV6$~STKCKD$USESV7$~SHL$OSPACE$ROPI$EBA8$MICROLIB$REQ8$PRES8$EABIv2 0x00000000   Number         0  anon$$obj.o ABSOLUTE
    __ARM_use_no_argv                        0x00000000   Number         0  main.o ABSOLUTE
    _printf_a                                0x00000000   Number         0  stubs.o ABSOLUTE
    _printf_c                                0x00000000   Number         0  stubs.o ABSOLUTE
    _printf_charcount                        0x00000000   Number         0  stubs.o ABSOLUTE
    _printf_d                                0x00000000   Number         0  stubs.o ABSOLUTE
    _printf_e                                0x00000000   Number         0  stubs.o ABSOLUTE
    _printf_f                                0x00000000   Number         0  stubs.o ABSOLUTE
    _printf_flags                            0x00000000   Number         0  stubs.o ABSOLUTE
    _printf_fp_dec                           0x00000000   Number         0  stubs.o ABSOLUTE
    _printf_fp_hex                           0x00000000   Number         0  stubs.o ABSOLUTE
    _printf_g                                0x00000000   Number         0  stubs.o ABSOLUTE
    _printf_i                                0x00000000   Number         0  stubs.o ABSOLUTE
    _printf_int_dec                          0x00000000   Number         0  stubs.o ABSOLUTE
    _printf_l                                0x00000000   Number         0  stubs.o ABSOLUTE
    _printf_lc                               0x00000000   Number         0  stubs.o ABSOLUTE
    _printf_ll                               0x00000000   Number         0  stubs.o ABSOLUTE
    _printf_lld                              0x00000000   Number         0  stubs.o ABSOLUTE
    _printf_lli                              0x00000000   Number         0  stubs.o ABSOLUTE
    _printf_llo                              0x00000000   Number         0  stubs.o ABSOLUTE
    _printf_llu                              0x00000000   Number         0  stubs.o ABSOLUTE
    _printf_llx                              0x00000000   Number         0  stubs.o ABSOLUTE
    _printf_longlong_dec                     0x00000000   Number         0  stubs.o ABSOLUTE
    _printf_longlong_hex                     0x00000000   Number         0  stubs.o ABSOLUTE
    _printf_longlong_oct                     0x00000000   Number         0  stubs.o ABSOLUTE
    _printf_ls                               0x00000000   Number         0  stubs.o ABSOLUTE
    _printf_mbtowc                           0x00000000   Number         0  stubs.o ABSOLUTE
    _printf_n                                0x00000000   Number         0  stubs.o ABSOLUTE
    _printf_o                                0x00000000   Number         0  stubs.o ABSOLUTE
    _printf_p                                0x00000000   Number         0  stubs.o ABSOLUTE
    _printf_percent                          0x00000000   Number         0  stubs.o ABSOLUTE
    _printf_pre_padding                      0x00000000   Number         0  stubs.o ABSOLUTE
    _printf_return_value                     0x00000000   Number         0  stubs.o ABSOLUTE
    _printf_s                                0x00000000   Number         0  stubs.o ABSOLUTE
    _printf_sizespec                         0x00000000   Number         0  stubs.o ABSOLUTE
    _printf_str                              0x00000000   Number         0  stubs.o ABSOLUTE
    _printf_truncate_signed                  0x00000000   Number         0  stubs.o ABSOLUTE
    _printf_truncate_unsigned                0x00000000   Number         0  stubs.o ABSOLUTE
    _printf_u                                0x00000000   Number         0  stubs.o ABSOLUTE
    _printf_wc                               0x00000000   Number         0  stubs.o ABSOLUTE
    _printf_wctomb                           0x00000000   Number         0  stubs.o ABSOLUTE
    _printf_widthprec                        0x00000000   Number         0  stubs.o ABSOLUTE
    _printf_x                                0x00000000   Number         0  stubs.o ABSOLUTE
    __cpp_initialize__aeabi_                  - Undefined Weak Reference
    __cxa_finalize                            - Undefined Weak Reference
    __decompress                              - Undefined Weak Reference
    _clock_init                               - Undefined Weak Reference
    _microlib_exit                            - Undefined Weak Reference
    __Vectors_Size                           0x000000ec   Number         0  startup_stm32f103xb.o ABSOLUTE
    __Vectors                                0x08000000   Data           4  startup_stm32f103xb.o(RESET)
    __Vectors_End                            0x080000ec   Data           0  startup_stm32f103xb.o(RESET)
    __main                                   0x080000ed   Thumb Code     0  entry.o(.ARM.Collect$$$$00000000)
    _main_stk                                0x080000ed   Thumb Code     0  entry2.o(.ARM.Collect$$$$00000001)
    _main_scatterload                        0x080000f1   Thumb Code     0  entry5.o(.ARM.Collect$$$$00000004)
    __main_after_scatterload                 0x080000f5   Thumb Code     0  entry5.o(.ARM.Collect$$$$00000004)
    _main_clock                              0x080000f5   Thumb Code     0  entry7b.o(.ARM.Collect$$$$00000008)
    _main_cpp_init                           0x080000f5   Thumb Code     0  entry8b.o(.ARM.Collect$$$$0000000A)
    _main_init                               0x080000f5   Thumb Code     0  entry9a.o(.ARM.Collect$$$$0000000B)
    __rt_final_cpp                           0x080000fd   Thumb Code     0  entry10a.o(.ARM.Collect$$$$0000000D)
    __rt_final_exit                          0x080000fd   Thumb Code     0  entry11a.o(.ARM.Collect$$$$0000000F)
    Reset_Handler                            0x08000101   Thumb Code     8  startup_stm32f103xb.o(.text)
    ADC1_2_IRQHandler                        0x0800011b   Thumb Code     0  startup_stm32f103xb.o(.text)
    CAN1_RX1_IRQHandler                      0x0800011b   Thumb Code     0  startup_stm32f103xb.o(.text)
    CAN1_SCE_IRQHandler                      0x0800011b   Thumb Code     0  startup_stm32f103xb.o(.text)
    DMA1_Channel1_IRQHandler                 0x0800011b   Thumb Code     0  startup_stm32f103xb.o(.text)
    DMA1_Channel2_IRQHandler                 0x0800011b   Thumb Code     0  startup_stm32f103xb.o(.text)
    DMA1_Channel3_IRQHandler                 0x0800011b   Thumb Code     0  startup_stm32f103xb.o(.text)
    DMA1_Channel4_IRQHandler                 0x0800011b   Thumb Code     0  startup_stm32f103xb.o(.text)
    DMA1_Channel5_IRQHandler                 0x0800011b   Thumb Code     0  startup_stm32f103xb.o(.text)
    DMA1_Channel6_IRQHandler                 0x0800011b   Thumb Code     0  startup_stm32f103xb.o(.text)
    DMA1_Channel7_IRQHandler                 0x0800011b   Thumb Code     0  startup_stm32f103xb.o(.text)
    EXTI0_IRQHandler                         0x0800011b   Thumb Code     0  startup_stm32f103xb.o(.text)
    EXTI15_10_IRQHandler                     0x0800011b   Thumb Code     0  startup_stm32f103xb.o(.text)
    EXTI1_IRQHandler                         0x0800011b   Thumb Code     0  startup_stm32f103xb.o(.text)
    EXTI2_IRQHandler                         0x0800011b   Thumb Code     0  startup_stm32f103xb.o(.text)
    EXTI3_IRQHandler                         0x0800011b   Thumb Code     0  startup_stm32f103xb.o(.text)
    EXTI4_IRQHandler                         0x0800011b   Thumb Code     0  startup_stm32f103xb.o(.text)
    EXTI9_5_IRQHandler                       0x0800011b   Thumb Code     0  startup_stm32f103xb.o(.text)
    FLASH_IRQHandler                         0x0800011b   Thumb Code     0  startup_stm32f103xb.o(.text)
    I2C1_ER_IRQHandler                       0x0800011b   Thumb Code     0  startup_stm32f103xb.o(.text)
    I2C1_EV_IRQHandler                       0x0800011b   Thumb Code     0  startup_stm32f103xb.o(.text)
    I2C2_ER_IRQHandler                       0x0800011b   Thumb Code     0  startup_stm32f103xb.o(.text)
    I2C2_EV_IRQHandler                       0x0800011b   Thumb Code     0  startup_stm32f103xb.o(.text)
    PVD_IRQHandler                           0x0800011b   Thumb Code     0  startup_stm32f103xb.o(.text)
    RCC_IRQHandler                           0x0800011b   Thumb Code     0  startup_stm32f103xb.o(.text)
    RTC_Alarm_IRQHandler                     0x0800011b   Thumb Code     0  startup_stm32f103xb.o(.text)
    RTC_IRQHandler                           0x0800011b   Thumb Code     0  startup_stm32f103xb.o(.text)
    SPI1_IRQHandler                          0x0800011b   Thumb Code     0  startup_stm32f103xb.o(.text)
    SPI2_IRQHandler                          0x0800011b   Thumb Code     0  startup_stm32f103xb.o(.text)
    TAMPER_IRQHandler                        0x0800011b   Thumb Code     0  startup_stm32f103xb.o(.text)
    TIM1_BRK_IRQHandler                      0x0800011b   Thumb Code     0  startup_stm32f103xb.o(.text)
    TIM1_CC_IRQHandler                       0x0800011b   Thumb Code     0  startup_stm32f103xb.o(.text)
    TIM1_TRG_COM_IRQHandler                  0x0800011b   Thumb Code     0  startup_stm32f103xb.o(.text)
    TIM1_UP_IRQHandler                       0x0800011b   Thumb Code     0  startup_stm32f103xb.o(.text)
    TIM2_IRQHandler                          0x0800011b   Thumb Code     0  startup_stm32f103xb.o(.text)
    TIM3_IRQHandler                          0x0800011b   Thumb Code     0  startup_stm32f103xb.o(.text)
    TIM4_IRQHandler                          0x0800011b   Thumb Code     0  startup_stm32f103xb.o(.text)
    USART1_IRQHandler                        0x0800011b   Thumb Code     0  startup_stm32f103xb.o(.text)
    USART2_IRQHandler                        0x0800011b   Thumb Code     0  startup_stm32f103xb.o(.text)
    USART3_IRQHandler                        0x0800011b   Thumb Code     0  startup_stm32f103xb.o(.text)
    USBWakeUp_IRQHandler                     0x0800011b   Thumb Code     0  startup_stm32f103xb.o(.text)
    USB_HP_CAN1_TX_IRQHandler                0x0800011b   Thumb Code     0  startup_stm32f103xb.o(.text)
    USB_LP_CAN1_RX0_IRQHandler               0x0800011b   Thumb Code     0  startup_stm32f103xb.o(.text)
    WWDG_IRQHandler                          0x0800011b   Thumb Code     0  startup_stm32f103xb.o(.text)
    CPU_IntDis                               0x08000125   Thumb Code     0  cpu_a.o(.text)
    CPU_IntEn                                0x08000129   Thumb Code     0  cpu_a.o(.text)
    CPU_SR_Save                              0x0800012d   Thumb Code     0  cpu_a.o(.text)
    CPU_SR_Restore                           0x08000135   Thumb Code     0  cpu_a.o(.text)
    CPU_WaitForInt                           0x0800013b   Thumb Code     0  cpu_a.o(.text)
    CPU_WaitForExcept                        0x0800013f   Thumb Code     0  cpu_a.o(.text)
    CPU_CntLeadZeros                         0x08000143   Thumb Code     0  cpu_a.o(.text)
    CPU_CntTrailZeros                        0x08000149   Thumb Code     0  cpu_a.o(.text)
    CPU_RevBits                              0x08000153   Thumb Code     0  cpu_a.o(.text)
    __aeabi_memcpy                           0x08000159   Thumb Code    36  memcpya.o(.text)
    __aeabi_memcpy4                          0x08000159   Thumb Code     0  memcpya.o(.text)
    __aeabi_memcpy8                          0x08000159   Thumb Code     0  memcpya.o(.text)
    __scatterload                            0x0800017d   Thumb Code    28  init.o(.text)
    __scatterload_rt2                        0x0800017d   Thumb Code     0  init.o(.text)
    OSStartHighRdy                           0x080001a1   Thumb Code     0  os_cpu_a.o(CODE)
    PendSV_Handler                           0x080001d7   Thumb Code     0  os_cpu_a.o(CODE)
    BSP_Main                                 0x08000239   Thumb Code   180  bsp_main.o(i.BSP_Main)
    BusFault_Handler                         0x08000349   Thumb Code     2  stm32f1xx_it.o(i.BusFault_Handler)
    CPU_Init                                 0x0800034d   Thumb Code    24  cpu_core.o(i.CPU_Init)
    CPU_IntDisMeasMaxCurGet                  0x080003c9   Thumb Code    24  cpu_core.o(i.CPU_IntDisMeasMaxCurGet)
    CPU_IntDisMeasMaxCurReset                0x080003e5   Thumb Code    26  cpu_core.o(i.CPU_IntDisMeasMaxCurReset)
    CPU_IntDisMeasMaxGet                     0x08000405   Thumb Code    24  cpu_core.o(i.CPU_IntDisMeasMaxGet)
    CPU_IntDisMeasStart                      0x08000421   Thumb Code    28  cpu_core.o(i.CPU_IntDisMeasStart)
    CPU_IntDisMeasStop                       0x08000441   Thumb Code    44  cpu_core.o(i.CPU_IntDisMeasStop)
    CPU_NameClr                              0x08000471   Thumb Code    34  cpu_core.o(i.CPU_NameClr)
    CPU_TS_TmrFreqSet                        0x08000499   Thumb Code     6  cpu_core.o(i.CPU_TS_TmrFreqSet)
    CPU_TS_TmrInit                           0x080004a5   Thumb Code    38  bsp.o(i.CPU_TS_TmrInit)
    CPU_TS_TmrRd                             0x080004d5   Thumb Code     6  bsp.o(i.CPU_TS_TmrRd)
    DebugMon_Handler                         0x080004e1   Thumb Code     2  stm32f1xx_it.o(i.DebugMon_Handler)
    Error_Handler                            0x080004e3   Thumb Code     2  main.o(i.Error_Handler)
    HAL_Delay                                0x080004e5   Thumb Code    22  stm32f1xx_hal.o(i.HAL_Delay)
    HAL_GPIO_Init                            0x080004fd   Thumb Code   408  stm32f1xx_hal_gpio.o(i.HAL_GPIO_Init)
    HAL_GPIO_TogglePin                       0x080006b9   Thumb Code     8  stm32f1xx_hal_gpio.o(i.HAL_GPIO_TogglePin)
    HAL_GPIO_WritePin                        0x080006c1   Thumb Code    10  stm32f1xx_hal_gpio.o(i.HAL_GPIO_WritePin)
    HAL_GetTick                              0x080006cd   Thumb Code     6  stm32f1xx_hal.o(i.HAL_GetTick)
    HAL_Init                                 0x080006d9   Thumb Code    32  stm32f1xx_hal.o(i.HAL_Init)
    HAL_InitTick                             0x080006fd   Thumb Code    34  stm32f1xx_hal.o(i.HAL_InitTick)
    HAL_MspInit                              0x08000721   Thumb Code   118  stm32f1xx_hal_msp.o(i.HAL_MspInit)
    HAL_NVIC_SetPriority                     0x080007a1   Thumb Code    60  stm32f1xx_hal_cortex.o(i.HAL_NVIC_SetPriority)
    HAL_NVIC_SetPriorityGrouping             0x080007e1   Thumb Code    26  stm32f1xx_hal_cortex.o(i.HAL_NVIC_SetPriorityGrouping)
    HAL_RCC_ClockConfig                      0x08000805   Thumb Code   374  stm32f1xx_hal_rcc.o(i.HAL_RCC_ClockConfig)
    HAL_RCC_GetHCLKFreq                      0x0800098d   Thumb Code     6  stm32f1xx_hal_rcc.o(i.HAL_RCC_GetHCLKFreq)
    HAL_RCC_GetPCLK1Freq                     0x08000999   Thumb Code    34  stm32f1xx_hal_rcc.o(i.HAL_RCC_GetPCLK1Freq)
    HAL_RCC_GetPCLK2Freq                     0x080009c9   Thumb Code    34  stm32f1xx_hal_rcc.o(i.HAL_RCC_GetPCLK2Freq)
    HAL_RCC_GetSysClockFreq                  0x080009f9   Thumb Code   102  stm32f1xx_hal_rcc.o(i.HAL_RCC_GetSysClockFreq)
    HAL_RCC_OscConfig                        0x08000a81   Thumb Code  1406  stm32f1xx_hal_rcc.o(i.HAL_RCC_OscConfig)
    HAL_SYSTICK_CLKSourceConfig              0x08000fff   Thumb Code    24  stm32f1xx_hal_cortex.o(i.HAL_SYSTICK_CLKSourceConfig)
    HAL_SYSTICK_Config                       0x08001017   Thumb Code    40  stm32f1xx_hal_cortex.o(i.HAL_SYSTICK_Config)
    HAL_UART_Init                            0x0800103f   Thumb Code    94  stm32f1xx_hal_uart.o(i.HAL_UART_Init)
    HAL_UART_MspInit                         0x0800109d   Thumb Code    76  usart.o(i.HAL_UART_MspInit)
    HAL_UART_Transmit                        0x080010f5   Thumb Code   204  stm32f1xx_hal_uart.o(i.HAL_UART_Transmit)
    HardFault_Handler                        0x080011c1   Thumb Code     2  stm32f1xx_it.o(i.HardFault_Handler)
    MX_GPIO_Init                             0x080011c5   Thumb Code    92  gpio.o(i.MX_GPIO_Init)
    MX_USART1_UART_Init                      0x08001229   Thumb Code    48  usart.o(i.MX_USART1_UART_Init)
    MemManage_Handler                        0x08001261   Thumb Code     2  stm32f1xx_it.o(i.MemManage_Handler)
    Mem_Clr                                  0x08001263   Thumb Code     8  lib_mem.o(i.Mem_Clr)
    Mem_Set                                  0x0800126d   Thumb Code    76  lib_mem.o(i.Mem_Set)
    NMI_Handler                              0x080012b9   Thumb Code     2  stm32f1xx_it.o(i.NMI_Handler)
    OSCfg_Init                               0x080012db   Thumb Code     2  os_cfg_app.o(i.OSCfg_Init)
    OSIdleTaskHook                           0x080012dd   Thumb Code    12  os_cpu_c.o(i.OSIdleTaskHook)
    OSInit                                   0x080012ed   Thumb Code   290  os_core.o(i.OSInit)
    OSInitHook                               0x08001471   Thumb Code    38  os_cpu_c.o(i.OSInitHook)
    OSIntEnter                               0x080014a5   Thumb Code    22  os_core.o(i.OSIntEnter)
    OSIntExit                                0x080014c5   Thumb Code   108  os_core.o(i.OSIntExit)
    OSSched                                  0x08001555   Thumb Code    90  os_core.o(i.OSSched)
    OSSchedLock                              0x080015d1   Thumb Code    80  os_core.o(i.OSSchedLock)
    OSSchedRoundRobinCfg                     0x0800162d   Thumb Code    74  os_core.o(i.OSSchedRoundRobinCfg)
    OSSchedUnlock                            0x08001685   Thumb Code   104  os_core.o(i.OSSchedUnlock)
    OSSemCreate                              0x080016f9   Thumb Code   150  os_sem.o(i.OSSemCreate)
    OSSemPend                                0x080017a1   Thumb Code   364  os_sem.o(i.OSSemPend)
    OSSemPost                                0x0800191d   Thumb Code   118  os_sem.o(i.OSSemPost)
    OSStart                                  0x0800199d   Thumb Code    62  os_core.o(i.OSStart)
    OSStatReset                              0x080019f5   Thumb Code   202  os_stat.o(i.OSStatReset)
    OSStatTaskCPUUsageInit                   0x08001aed   Thumb Code   150  os_stat.o(i.OSStatTaskCPUUsageInit)
    OSStatTaskHook                           0x08001ba1   Thumb Code    12  os_cpu_c.o(i.OSStatTaskHook)
    OSTaskCreate                             0x08001bb1   Thumb Code   466  os_task.o(i.OSTaskCreate)
    OSTaskCreateHook                         0x08001da9   Thumb Code    12  os_cpu_c.o(i.OSTaskCreateHook)
    OSTaskDel                                0x08001db9   Thumb Code   336  os_task.o(i.OSTaskDel)
    OSTaskDelHook                            0x08001f25   Thumb Code    12  os_cpu_c.o(i.OSTaskDelHook)
    OSTaskResume                             0x08001f35   Thumb Code    98  os_task.o(i.OSTaskResume)
    OSTaskReturnHook                         0x08001fa5   Thumb Code    12  os_cpu_c.o(i.OSTaskReturnHook)
    OSTaskSemPend                            0x08001fb5   Thumb Code   354  os_task.o(i.OSTaskSemPend)
    OSTaskStkChk                             0x08002125   Thumb Code   162  os_task.o(i.OSTaskStkChk)
    OSTaskStkInit                            0x080021d1   Thumb Code   108  os_cpu_c.o(i.OSTaskStkInit)
    OSTaskSuspend                            0x08002241   Thumb Code    66  os_task.o(i.OSTaskSuspend)
    OSTaskSwHook                             0x08002295   Thumb Code    86  os_cpu_c.o(i.OSTaskSwHook)
    OSTimeDly                                0x080022fd   Thumb Code   224  os_time.o(i.OSTimeDly)
    OSTimeDlyHMSM                            0x080023e9   Thumb Code   374  os_time.o(i.OSTimeDlyHMSM)
    OSTimeTick                               0x08002571   Thumb Code    52  os_time.o(i.OSTimeTick)
    OSTimeTickHook                           0x080025b1   Thumb Code    12  os_cpu_c.o(i.OSTimeTickHook)
    OS_Dbg_Init                              0x080025c1   Thumb Code     2  os_dbg.o(i.OS_Dbg_Init)
    OS_FlagInit                              0x080025c5   Thumb Code    14  os_flag.o(i.OS_FlagInit)
    OS_FlagPost                              0x080025dd   Thumb Code   382  os_flag.o(i.OS_FlagPost)
    OS_FlagTaskRdy                           0x08002765   Thumb Code    68  os_flag.o(i.OS_FlagTaskRdy)
    OS_IdleTask                              0x080027a9   Thumb Code    42  os_core.o(i.OS_IdleTask)
    OS_IdleTaskInit                          0x080027dd   Thumb Code    60  os_core.o(i.OS_IdleTaskInit)
    OS_IntQPost                              0x08002845   Thumb Code   148  os_int.o(i.OS_IntQPost)
    OS_IntQRePost                            0x080028fd   Thumb Code   224  os_int.o(i.OS_IntQRePost)
    OS_IntQTask                              0x08002a19   Thumb Code   120  os_int.o(i.OS_IntQTask)
    OS_IntQTaskInit                          0x08002aa1   Thumb Code   192  os_int.o(i.OS_IntQTaskInit)
    OS_MemInit                               0x08002bb9   Thumb Code    14  os_mem.o(i.OS_MemInit)
    OS_MsgPoolInit                           0x08002bd1   Thumb Code    92  os_msg.o(i.OS_MsgPoolInit)
    OS_MsgQFreeAll                           0x08002c39   Thumb Code    48  os_msg.o(i.OS_MsgQFreeAll)
    OS_MsgQInit                              0x08002c6d   Thumb Code    14  os_msg.o(i.OS_MsgQInit)
    OS_MsgQPut                               0x08002c7d   Thumb Code   132  os_msg.o(i.OS_MsgQPut)
    OS_MutexInit                             0x08002d05   Thumb Code    14  os_mutex.o(i.OS_MutexInit)
    OS_Pend                                  0x08002d1d   Thumb Code    74  os_core.o(i.OS_Pend)
    OS_PendDataInit                          0x08002d6d   Thumb Code    48  os_core.o(i.OS_PendDataInit)
    OS_PendDbgNameAdd                        0x08002d9d   Thumb Code    46  os_core.o(i.OS_PendDbgNameAdd)
    OS_PendDbgNameRemove                     0x08002de5   Thumb Code    22  os_core.o(i.OS_PendDbgNameRemove)
    OS_PendListInit                          0x08002e01   Thumb Code    10  os_core.o(i.OS_PendListInit)
    OS_PendListInsertPrio                    0x08002e0b   Thumb Code    90  os_core.o(i.OS_PendListInsertPrio)
    OS_PendListRemove                        0x08002e65   Thumb Code    38  os_core.o(i.OS_PendListRemove)
    OS_PendListRemove1                       0x08002e8b   Thumb Code    54  os_core.o(i.OS_PendListRemove1)
    OS_Post                                  0x08002ec1   Thumb Code   152  os_core.o(i.OS_Post)
    OS_Post1                                 0x08002f59   Thumb Code    38  os_core.o(i.OS_Post1)
    OS_PrioGetHighest                        0x08002f81   Thumb Code    32  os_prio.o(i.OS_PrioGetHighest)
    OS_PrioInit                              0x08002fa5   Thumb Code     8  os_prio.o(i.OS_PrioInit)
    OS_PrioInsert                            0x08002fb1   Thumb Code    28  os_prio.o(i.OS_PrioInsert)
    OS_PrioRemove                            0x08002fd1   Thumb Code    28  os_prio.o(i.OS_PrioRemove)
    OS_QInit                                 0x08002ff1   Thumb Code    14  os_q.o(i.OS_QInit)
    OS_QPost                                 0x08003009   Thumb Code   252  os_q.o(i.OS_QPost)
    OS_RdyListInit                           0x0800310d   Thumb Code    32  os_core.o(i.OS_RdyListInit)
    OS_RdyListInsert                         0x08003131   Thumb Code    42  os_core.o(i.OS_RdyListInsert)
    OS_RdyListInsertHead                     0x08003161   Thumb Code    52  os_core.o(i.OS_RdyListInsertHead)
    OS_RdyListInsertTail                     0x08003199   Thumb Code    48  os_core.o(i.OS_RdyListInsertTail)
    OS_RdyListMoveHeadToTail                 0x080031cd   Thumb Code    52  os_core.o(i.OS_RdyListMoveHeadToTail)
    OS_RdyListRemove                         0x08003201   Thumb Code    78  os_core.o(i.OS_RdyListRemove)
    OS_Sched0                                0x08003255   Thumb Code    50  os_core.o(i.OS_Sched0)
    OS_SchedLockTimeMeasStart                0x0800329d   Thumb Code    20  os_core.o(i.OS_SchedLockTimeMeasStart)
    OS_SchedLockTimeMeasStop                 0x080032b9   Thumb Code    42  os_core.o(i.OS_SchedLockTimeMeasStop)
    OS_SchedRoundRobin                       0x080032f5   Thumb Code    88  os_core.o(i.OS_SchedRoundRobin)
    OS_SemDbgListAdd                         0x0800335d   Thumb Code    26  os_sem.o(i.OS_SemDbgListAdd)
    OS_SemInit                               0x08003381   Thumb Code    14  os_sem.o(i.OS_SemInit)
    OS_SemPost                               0x08003399   Thumb Code   224  os_sem.o(i.OS_SemPost)
    OS_StatTask                              0x0800347d   Thumb Code   602  os_stat.o(i.OS_StatTask)
    OS_StatTaskInit                          0x08003721   Thumb Code   118  os_stat.o(i.OS_StatTaskInit)
    OS_TaskBlock                             0x080037dd   Thumb Code    42  os_core.o(i.OS_TaskBlock)
    OS_TaskDbgListAdd                        0x08003809   Thumb Code    30  os_task.o(i.OS_TaskDbgListAdd)
    OS_TaskDbgListRemove                     0x0800382d   Thumb Code    50  os_task.o(i.OS_TaskDbgListRemove)
    OS_TaskInit                              0x08003865   Thumb Code    18  os_task.o(i.OS_TaskInit)
    OS_TaskInitTCB                           0x08003885   Thumb Code   188  os_task.o(i.OS_TaskInitTCB)
    OS_TaskQPost                             0x0800394d   Thumb Code   310  os_task.o(i.OS_TaskQPost)
    OS_TaskRdy                               0x08003a91   Thumb Code    28  os_core.o(i.OS_TaskRdy)
    OS_TaskResume                            0x08003aad   Thumb Code   252  os_task.o(i.OS_TaskResume)
    OS_TaskReturn                            0x08003bad   Thumb Code    20  os_task.o(i.OS_TaskReturn)
    OS_TaskSemPost                           0x08003bc5   Thumb Code   380  os_task.o(i.OS_TaskSemPost)
    OS_TaskSuspend                           0x08003d4d   Thumb Code   224  os_task.o(i.OS_TaskSuspend)
    OS_TickListInit                          0x08003e35   Thumb Code    34  os_tick.o(i.OS_TickListInit)
    OS_TickListInsert                        0x08003e61   Thumb Code   202  os_tick.o(i.OS_TickListInsert)
    OS_TickListRemove                        0x08003f39   Thumb Code    54  os_tick.o(i.OS_TickListRemove)
    OS_TickListResetPeak                     0x08003f71   Thumb Code    30  os_tick.o(i.OS_TickListResetPeak)
    OS_TickListUpdate                        0x08003f99   Thumb Code   354  os_tick.o(i.OS_TickListUpdate)
    OS_TickTask                              0x08004115   Thumb Code    36  os_tick.o(i.OS_TickTask)
    OS_TickTaskInit                          0x0800413d   Thumb Code   112  os_tick.o(i.OS_TickTaskInit)
    OS_TmrInit                               0x080041e5   Thumb Code   172  os_tmr.o(i.OS_TmrInit)
    OS_TmrLink                               0x080042e9   Thumb Code   140  os_tmr.o(i.OS_TmrLink)
    OS_TmrResetPeak                          0x08004381   Thumb Code    30  os_tmr.o(i.OS_TmrResetPeak)
    OS_TmrTask                               0x080043a9   Thumb Code   146  os_tmr.o(i.OS_TmrTask)
    OS_TmrUnlink                             0x0800444d   Thumb Code    68  os_tmr.o(i.OS_TmrUnlink)
    SVC_Handler                              0x08004499   Thumb Code     2  stm32f1xx_it.o(i.SVC_Handler)
    SysTick_Handler                          0x0800449d   Thumb Code    28  delay.o(i.SysTick_Handler)
    SystemClock_Config                       0x080044bd   Thumb Code   104  main.o(i.SystemClock_Config)
    SystemInit                               0x08004525   Thumb Code    56  system_stm32f1xx.o(i.SystemInit)
    UsageFault_Handler                       0x0800476f   Thumb Code     2  stm32f1xx_it.o(i.UsageFault_Handler)
    __0printf$2                              0x08004771   Thumb Code    22  printf2.o(i.__0printf$2)
    __1printf$2                              0x08004771   Thumb Code     0  printf2.o(i.__0printf$2)
    __2printf                                0x08004771   Thumb Code     0  printf2.o(i.__0printf$2)
    __scatterload_copy                       0x08004791   Thumb Code    14  handlers.o(i.__scatterload_copy)
    __scatterload_null                       0x0800479f   Thumb Code     2  handlers.o(i.__scatterload_null)
    __scatterload_zeroinit                   0x080047a1   Thumb Code    14  handlers.o(i.__scatterload_zeroinit)
    delay_init                               0x08004885   Thumb Code    68  delay.o(i.delay_init)
    delay_ms                                 0x080048dd   Thumb Code    56  delay.o(i.delay_ms)
    delay_ostimedly                          0x08004921   Thumb Code    12  delay.o(i.delay_ostimedly)
    delay_us                                 0x0800492d   Thumb Code    62  delay.o(i.delay_us)
    float_task                               0x08004971   Thumb Code    92  bsp_main.o(i.float_task)
    fputc                                    0x080049fd   Thumb Code    24  usart.o(i.fputc)
    led0_task                                0x08004a19   Thumb Code   106  bsp_main.o(i.led0_task)
    main                                     0x08004ab5   Thumb Code    22  main.o(i.main)
    start_task                               0x08004acd   Thumb Code   242  bsp_main.o(i.start_task)
    AHBPrescTable                            0x08004c04   Data          16  system_stm32f1xx.o(.constdata)
    APBPrescTable                            0x08004c14   Data           8  system_stm32f1xx.o(.constdata)
    OSCfg_IdleTaskStkBasePtr                 0x08004c1c   Data           4  os_cfg_app.o(.constdata)
    OSCfg_IdleTaskStkLimit                   0x08004c20   Data           4  os_cfg_app.o(.constdata)
    OSCfg_IdleTaskStkSize                    0x08004c24   Data           4  os_cfg_app.o(.constdata)
    OSCfg_IntQBasePtr                        0x08004c28   Data           4  os_cfg_app.o(.constdata)
    OSCfg_IntQSize                           0x08004c2c   Data           2  os_cfg_app.o(.constdata)
    OSCfg_IntQTaskStkBasePtr                 0x08004c30   Data           4  os_cfg_app.o(.constdata)
    OSCfg_IntQTaskStkLimit                   0x08004c34   Data           4  os_cfg_app.o(.constdata)
    OSCfg_IntQTaskStkSize                    0x08004c38   Data           4  os_cfg_app.o(.constdata)
    OSCfg_ISRStkBasePtr                      0x08004c3c   Data           4  os_cfg_app.o(.constdata)
    OSCfg_ISRStkSize                         0x08004c40   Data           4  os_cfg_app.o(.constdata)
    OSCfg_MsgPoolSize                        0x08004c44   Data           2  os_cfg_app.o(.constdata)
    OSCfg_MsgPoolBasePtr                     0x08004c48   Data           4  os_cfg_app.o(.constdata)
    OSCfg_StatTaskPrio                       0x08004c4c   Data           1  os_cfg_app.o(.constdata)
    OSCfg_StatTaskRate_Hz                    0x08004c50   Data           4  os_cfg_app.o(.constdata)
    OSCfg_StatTaskStkBasePtr                 0x08004c54   Data           4  os_cfg_app.o(.constdata)
    OSCfg_StatTaskStkLimit                   0x08004c58   Data           4  os_cfg_app.o(.constdata)
    OSCfg_StatTaskStkSize                    0x08004c5c   Data           4  os_cfg_app.o(.constdata)
    OSCfg_StkSizeMin                         0x08004c60   Data           4  os_cfg_app.o(.constdata)
    OSCfg_TickRate_Hz                        0x08004c64   Data           4  os_cfg_app.o(.constdata)
    OSCfg_TickTaskPrio                       0x08004c68   Data           1  os_cfg_app.o(.constdata)
    OSCfg_TickTaskStkBasePtr                 0x08004c6c   Data           4  os_cfg_app.o(.constdata)
    OSCfg_TickTaskStkLimit                   0x08004c70   Data           4  os_cfg_app.o(.constdata)
    OSCfg_TickTaskStkSize                    0x08004c74   Data           4  os_cfg_app.o(.constdata)
    OSCfg_TickWheelSize                      0x08004c78   Data           2  os_cfg_app.o(.constdata)
    OSCfg_TmrTaskPrio                        0x08004c7a   Data           1  os_cfg_app.o(.constdata)
    OSCfg_TmrTaskRate_Hz                     0x08004c7c   Data           4  os_cfg_app.o(.constdata)
    OSCfg_TmrTaskStkBasePtr                  0x08004c80   Data           4  os_cfg_app.o(.constdata)
    OSCfg_TmrTaskStkLimit                    0x08004c84   Data           4  os_cfg_app.o(.constdata)
    OSCfg_TmrTaskStkSize                     0x08004c88   Data           4  os_cfg_app.o(.constdata)
    OSCfg_TmrWheelSize                       0x08004c8c   Data           2  os_cfg_app.o(.constdata)
    Region$$Table$$Base                      0x08004c90   Number         0  anon$$obj.o(Region$$Table)
    Region$$Table$$Limit                     0x08004cb0   Number         0  anon$$obj.o(Region$$Table)
    SystemCoreClock                          0x20000000   Data           4  system_stm32f1xx.o(.data)
    CPU_IntDisMeasCtr                        0x20000008   Data           2  cpu_core.o(.data)
    CPU_IntDisNestCtr                        0x2000000a   Data           2  cpu_core.o(.data)
    CPU_TS_TmrFreq_Hz                        0x2000000c   Data           4  cpu_core.o(.data)
    CPU_IntDisMeasStart_cnts                 0x20000010   Data           4  cpu_core.o(.data)
    CPU_IntDisMeasStop_cnts                  0x20000014   Data           4  cpu_core.o(.data)
    CPU_IntDisMeasOvrhd_cnts                 0x20000018   Data           4  cpu_core.o(.data)
    CPU_IntDisMeasMaxCur_cnts                0x2000001c   Data           4  cpu_core.o(.data)
    CPU_IntDisMeasMax_cnts                   0x20000020   Data           4  cpu_core.o(.data)
    OSPrioTbl                                0x20000024   Data           4  os_prio.o(.data)
    OS_AppTaskCreateHookPtr                  0x20000028   Data           4  os_var.o(.data)
    OS_AppTaskDelHookPtr                     0x2000002c   Data           4  os_var.o(.data)
    OS_AppTaskReturnHookPtr                  0x20000030   Data           4  os_var.o(.data)
    OS_AppIdleTaskHookPtr                    0x20000034   Data           4  os_var.o(.data)
    OS_AppStatTaskHookPtr                    0x20000038   Data           4  os_var.o(.data)
    OS_AppTaskSwHookPtr                      0x2000003c   Data           4  os_var.o(.data)
    OS_AppTimeTickHookPtr                    0x20000040   Data           4  os_var.o(.data)
    OSIdleTaskCtr                            0x20000044   Data           4  os_var.o(.data)
    OSIntNestingCtr                          0x20000048   Data           1  os_var.o(.data)
    OSIntDisTimeMax                          0x2000004c   Data           4  os_var.o(.data)
    OSRunning                                0x20000050   Data           1  os_var.o(.data)
    OSIntQInPtr                              0x20000054   Data           4  os_var.o(.data)
    OSIntQOutPtr                             0x20000058   Data           4  os_var.o(.data)
    OSIntQNbrEntries                         0x2000005c   Data           2  os_var.o(.data)
    OSIntQNbrEntriesMax                      0x2000005e   Data           2  os_var.o(.data)
    OSIntQOvfCtr                             0x20000060   Data           2  os_var.o(.data)
    OSIntQTaskTimeMax                        0x20000064   Data           4  os_var.o(.data)
    OSFlagDbgListPtr                         0x20000068   Data           4  os_var.o(.data)
    OSFlagQty                                0x2000006c   Data           2  os_var.o(.data)
    OSMemDbgListPtr                          0x20000070   Data           4  os_var.o(.data)
    OSMemQty                                 0x20000074   Data           2  os_var.o(.data)
    OSMutexDbgListPtr                        0x20000078   Data           4  os_var.o(.data)
    OSMutexQty                               0x2000007c   Data           2  os_var.o(.data)
    OSPrioCur                                0x2000007e   Data           1  os_var.o(.data)
    OSPrioHighRdy                            0x2000007f   Data           1  os_var.o(.data)
    OSPrioSaved                              0x20000080   Data           1  os_var.o(.data)
    OSQDbgListPtr                            0x20000084   Data           4  os_var.o(.data)
    OSQQty                                   0x20000088   Data           2  os_var.o(.data)
    OSSchedLockTimeBegin                     0x2000008c   Data           4  os_var.o(.data)
    OSSchedLockTimeMax                       0x20000090   Data           4  os_var.o(.data)
    OSSchedLockTimeMaxCur                    0x20000094   Data           4  os_var.o(.data)
    OSSchedLockNestingCtr                    0x20000098   Data           1  os_var.o(.data)
    OSSchedRoundRobinDfltTimeQuanta          0x2000009c   Data           4  os_var.o(.data)
    OSSchedRoundRobinEn                      0x200000a0   Data           1  os_var.o(.data)
    OSSemDbgListPtr                          0x200000a4   Data           4  os_var.o(.data)
    OSSemQty                                 0x200000a8   Data           2  os_var.o(.data)
    OSStatResetFlag                          0x200000aa   Data           1  os_var.o(.data)
    OSStatTaskCPUUsage                       0x200000ac   Data           2  os_var.o(.data)
    OSStatTaskCPUUsageMax                    0x200000ae   Data           2  os_var.o(.data)
    OSStatTaskCtr                            0x200000b0   Data           4  os_var.o(.data)
    OSStatTaskCtrMax                         0x200000b4   Data           4  os_var.o(.data)
    OSStatTaskCtrRun                         0x200000b8   Data           4  os_var.o(.data)
    OSStatTaskRdy                            0x200000bc   Data           1  os_var.o(.data)
    OSStatTaskTimeMax                        0x200000c0   Data           4  os_var.o(.data)
    OSTaskCtxSwCtr                           0x200000c4   Data           4  os_var.o(.data)
    OSTaskDbgListPtr                         0x200000c8   Data           4  os_var.o(.data)
    OSTaskQty                                0x200000cc   Data           2  os_var.o(.data)
    OSTaskRegNextAvailID                     0x200000ce   Data           1  os_var.o(.data)
    OSTickCtr                                0x200000d0   Data           4  os_var.o(.data)
    OSTickTaskTimeMax                        0x200000d4   Data           4  os_var.o(.data)
    OSTmrDbgListPtr                          0x200000d8   Data           4  os_var.o(.data)
    OSTmrTaskTimeMax                         0x200000dc   Data           4  os_var.o(.data)
    OSTmrTickCtr                             0x200000e0   Data           4  os_var.o(.data)
    OSTmrUpdateCnt                           0x200000e4   Data           4  os_var.o(.data)
    OSTmrUpdateCtr                           0x200000e8   Data           4  os_var.o(.data)
    OSTCBCurPtr                              0x200000ec   Data           4  os_var.o(.data)
    OSTCBHighRdyPtr                          0x200000f0   Data           4  os_var.o(.data)
    OS_CPU_ExceptStkBase                     0x200000f4   Data           4  os_cpu_c.o(.data)
    __stdout                                 0x200000fc   Data           4  stdout.o(.data)
    huart1                                   0x20000100   Data          64  usart.o(.bss)
    CPU_Name                                 0x20000140   Data          16  cpu_core.o(.bss)
    OSCfg_IdleTaskStk                        0x20000150   Data         512  os_cfg_app.o(.bss)
    OSCfg_IntQ                               0x20000350   Data         320  os_cfg_app.o(.bss)
    OSCfg_IntQTaskStk                        0x20000490   Data         512  os_cfg_app.o(.bss)
    OSCfg_ISRStk                             0x20000690   Data         512  os_cfg_app.o(.bss)
    OSCfg_MsgPool                            0x20000890   Data        1600  os_cfg_app.o(.bss)
    OSCfg_StatTaskStk                        0x20000ed0   Data         512  os_cfg_app.o(.bss)
    OSCfg_TickTaskStk                        0x200010d0   Data         512  os_cfg_app.o(.bss)
    OSCfg_TickWheel                          0x200012d0   Data         136  os_cfg_app.o(.bss)
    OSCfg_TmrTaskStk                         0x20001358   Data         512  os_cfg_app.o(.bss)
    OSCfg_TmrWheel                           0x20001558   Data         136  os_cfg_app.o(.bss)
    OSIdleTaskTCB                            0x200015e0   Data         200  os_var.o(.bss)
    OSIntQTaskTCB                            0x200016a8   Data         200  os_var.o(.bss)
    OSMsgPool                                0x20001770   Data          12  os_var.o(.bss)
    OSRdyList                                0x2000177c   Data         384  os_var.o(.bss)
    OSStatTaskTCB                            0x200018fc   Data         200  os_var.o(.bss)
    OSTickTaskTCB                            0x200019c4   Data         200  os_var.o(.bss)
    OSTmrTaskTCB                             0x20001a8c   Data         200  os_var.o(.bss)
    StartTaskTCB                             0x20001b58   Data         200  bsp_main.o(.bss)
    START_TASK_STK                           0x20001c20   Data        2048  bsp_main.o(.bss)
    Led0TaskTCB                              0x20002420   Data         200  bsp_main.o(.bss)
    LED0_TASK_STK                            0x200024e8   Data         512  bsp_main.o(.bss)
    FloatTaskTCB                             0x200026e8   Data         200  bsp_main.o(.bss)
    FLOAT_TASK_STK                           0x200027b0   Data         512  bsp_main.o(.bss)
    MY_SEM                                   0x200029b0   Data          40  bsp_main.o(.bss)
    share_resource                           0x200029d8   Data          30  bsp_main.o(.bss)
    __initial_sp                             0x20002df8   Data           0  startup_stm32f103xb.o(STACK)



==============================================================================

Memory Map of the image

  Image Entry point : 0x080000ed

  Load Region LR_IROM1 (Base: 0x08000000, Size: 0x00004db0, Max: 0x00010000, ABSOLUTE)

    Execution Region ER_IROM1 (Base: 0x08000000, Size: 0x00004cb0, Max: 0x00010000, ABSOLUTE)

    Base Addr    Size         Type   Attr      Idx    E Section Name        Object

    0x08000000   0x000000ec   Data   RO         1484    RESET               startup_stm32f103xb.o
    0x080000ec   0x00000000   Code   RO         4057  * .ARM.Collect$$$$00000000  mc_w.l(entry.o)
    0x080000ec   0x00000004   Code   RO         4329    .ARM.Collect$$$$00000001  mc_w.l(entry2.o)
    0x080000f0   0x00000004   Code   RO         4332    .ARM.Collect$$$$00000004  mc_w.l(entry5.o)
    0x080000f4   0x00000000   Code   RO         4334    .ARM.Collect$$$$00000008  mc_w.l(entry7b.o)
    0x080000f4   0x00000000   Code   RO         4336    .ARM.Collect$$$$0000000A  mc_w.l(entry8b.o)
    0x080000f4   0x00000008   Code   RO         4337    .ARM.Collect$$$$0000000B  mc_w.l(entry9a.o)
    0x080000fc   0x00000000   Code   RO         4339    .ARM.Collect$$$$0000000D  mc_w.l(entry10a.o)
    0x080000fc   0x00000000   Code   RO         4341    .ARM.Collect$$$$0000000F  mc_w.l(entry11a.o)
    0x080000fc   0x00000004   Code   RO         4330    .ARM.Collect$$$$00002712  mc_w.l(entry2.o)
    0x08000100   0x00000024   Code   RO         1485    .text               startup_stm32f103xb.o
    0x08000124   0x00000034   Code   RO         1777    .text               cpu_a.o
    0x08000158   0x00000024   Code   RO         4064    .text               mc_w.l(memcpya.o)
    0x0800017c   0x00000024   Code   RO         4359    .text               mc_w.l(init.o)
    0x080001a0   0x00000098   Code   RO         3677    CODE                os_cpu_a.o
    0x08000238   0x00000110   Code   RO         3920    i.BSP_Main          bsp_main.o
    0x08000348   0x00000002   Code   RO          119    i.BusFault_Handler  stm32f1xx_it.o
    0x0800034a   0x00000002   PAD
    0x0800034c   0x0000001c   Code   RO         1577    i.CPU_Init          cpu_core.o
    0x08000368   0x0000004c   Code   RO         1578    i.CPU_IntDisMeasInit  cpu_core.o
    0x080003b4   0x00000014   Code   RO         1579    i.CPU_IntDisMeasMaxCalc  cpu_core.o
    0x080003c8   0x0000001c   Code   RO         1580    i.CPU_IntDisMeasMaxCurGet  cpu_core.o
    0x080003e4   0x00000020   Code   RO         1581    i.CPU_IntDisMeasMaxCurReset  cpu_core.o
    0x08000404   0x0000001c   Code   RO         1582    i.CPU_IntDisMeasMaxGet  cpu_core.o
    0x08000420   0x00000020   Code   RO         1583    i.CPU_IntDisMeasStart  cpu_core.o
    0x08000440   0x00000030   Code   RO         1584    i.CPU_IntDisMeasStop  cpu_core.o
    0x08000470   0x00000028   Code   RO         1585    i.CPU_NameClr       cpu_core.o
    0x08000498   0x0000000c   Code   RO         1591    i.CPU_TS_TmrFreqSet  cpu_core.o
    0x080004a4   0x00000030   Code   RO         1494    i.CPU_TS_TmrInit    bsp.o
    0x080004d4   0x0000000c   Code   RO         1495    i.CPU_TS_TmrRd      bsp.o
    0x080004e0   0x00000002   Code   RO          120    i.DebugMon_Handler  stm32f1xx_it.o
    0x080004e2   0x00000002   Code   RO          285    i.Error_Handler     main.o
    0x080004e4   0x00000016   Code   RO          575    i.HAL_Delay         stm32f1xx_hal.o
    0x080004fa   0x00000002   PAD
    0x080004fc   0x000001bc   Code   RO         1386    i.HAL_GPIO_Init     stm32f1xx_hal_gpio.o
    0x080006b8   0x00000008   Code   RO         1389    i.HAL_GPIO_TogglePin  stm32f1xx_hal_gpio.o
    0x080006c0   0x0000000a   Code   RO         1390    i.HAL_GPIO_WritePin  stm32f1xx_hal_gpio.o
    0x080006ca   0x00000002   PAD
    0x080006cc   0x0000000c   Code   RO          579    i.HAL_GetTick       stm32f1xx_hal.o
    0x080006d8   0x00000024   Code   RO          581    i.HAL_Init          stm32f1xx_hal.o
    0x080006fc   0x00000022   Code   RO          582    i.HAL_InitTick      stm32f1xx_hal.o
    0x0800071e   0x00000002   PAD
    0x08000720   0x00000080   Code   RO          213    i.HAL_MspInit       stm32f1xx_hal_msp.o
    0x080007a0   0x00000040   Code   RO          710    i.HAL_NVIC_SetPriority  stm32f1xx_hal_cortex.o
    0x080007e0   0x00000024   Code   RO          711    i.HAL_NVIC_SetPriorityGrouping  stm32f1xx_hal_cortex.o
    0x08000804   0x00000188   Code   RO          945    i.HAL_RCC_ClockConfig  stm32f1xx_hal_rcc.o
    0x0800098c   0x0000000c   Code   RO          950    i.HAL_RCC_GetHCLKFreq  stm32f1xx_hal_rcc.o
    0x08000998   0x00000030   Code   RO          952    i.HAL_RCC_GetPCLK1Freq  stm32f1xx_hal_rcc.o
    0x080009c8   0x00000030   Code   RO          953    i.HAL_RCC_GetPCLK2Freq  stm32f1xx_hal_rcc.o
    0x080009f8   0x00000088   Code   RO          954    i.HAL_RCC_GetSysClockFreq  stm32f1xx_hal_rcc.o
    0x08000a80   0x0000057e   Code   RO          957    i.HAL_RCC_OscConfig  stm32f1xx_hal_rcc.o
    0x08000ffe   0x00000018   Code   RO          713    i.HAL_SYSTICK_CLKSourceConfig  stm32f1xx_hal_cortex.o
    0x08001016   0x00000028   Code   RO          715    i.HAL_SYSTICK_Config  stm32f1xx_hal_cortex.o
    0x0800103e   0x0000005e   Code   RO          347    i.HAL_UART_Init     stm32f1xx_hal_uart.o
    0x0800109c   0x00000058   Code   RO          238    i.HAL_UART_MspInit  usart.o
    0x080010f4   0x000000cc   Code   RO          355    i.HAL_UART_Transmit  stm32f1xx_hal_uart.o
    0x080011c0   0x00000002   Code   RO          121    i.HardFault_Handler  stm32f1xx_it.o
    0x080011c2   0x00000002   PAD
    0x080011c4   0x00000064   Code   RO          186    i.MX_GPIO_Init      gpio.o
    0x08001228   0x00000038   Code   RO          239    i.MX_USART1_UART_Init  usart.o
    0x08001260   0x00000002   Code   RO          122    i.MemManage_Handler  stm32f1xx_it.o
    0x08001262   0x00000008   Code   RO         1920    i.Mem_Clr           lib_mem.o
    0x0800126a   0x00000002   PAD
    0x0800126c   0x0000004c   Code   RO         1937    i.Mem_Set           lib_mem.o
    0x080012b8   0x00000002   Code   RO          123    i.NMI_Handler       stm32f1xx_it.o
    0x080012ba   0x00000020   Code   RO          717    i.NVIC_SetPriority  stm32f1xx_hal_cortex.o
    0x080012da   0x00000002   Code   RO         2197    i.OSCfg_Init        os_cfg_app.o
    0x080012dc   0x00000010   Code   RO         3683    i.OSIdleTaskHook    os_cpu_c.o
    0x080012ec   0x00000184   Code   RO         2307    i.OSInit            os_core.o
    0x08001470   0x00000034   Code   RO         3684    i.OSInitHook        os_cpu_c.o
    0x080014a4   0x00000020   Code   RO         2308    i.OSIntEnter        os_core.o
    0x080014c4   0x00000090   Code   RO         2309    i.OSIntExit         os_core.o
    0x08001554   0x0000007c   Code   RO         2310    i.OSSched           os_core.o
    0x080015d0   0x0000005c   Code   RO         2311    i.OSSchedLock       os_core.o
    0x0800162c   0x00000058   Code   RO         2312    i.OSSchedRoundRobinCfg  os_core.o
    0x08001684   0x00000074   Code   RO         2314    i.OSSchedUnlock     os_core.o
    0x080016f8   0x000000a8   Code   RO         3069    i.OSSemCreate       os_sem.o
    0x080017a0   0x0000017c   Code   RO         3071    i.OSSemPend         os_sem.o
    0x0800191c   0x00000080   Code   RO         3073    i.OSSemPost         os_sem.o
    0x0800199c   0x00000058   Code   RO         2315    i.OSStart           os_core.o
    0x080019f4   0x000000f8   Code   RO         3153    i.OSStatReset       os_stat.o
    0x08001aec   0x000000b4   Code   RO         3154    i.OSStatTaskCPUUsageInit  os_stat.o
    0x08001ba0   0x00000010   Code   RO         3685    i.OSStatTaskHook    os_cpu_c.o
    0x08001bb0   0x000001f8   Code   RO         3196    i.OSTaskCreate      os_task.o
    0x08001da8   0x00000010   Code   RO         3686    i.OSTaskCreateHook  os_cpu_c.o
    0x08001db8   0x0000016c   Code   RO         3197    i.OSTaskDel         os_task.o
    0x08001f24   0x00000010   Code   RO         3687    i.OSTaskDelHook     os_cpu_c.o
    0x08001f34   0x00000070   Code   RO         3205    i.OSTaskResume      os_task.o
    0x08001fa4   0x00000010   Code   RO         3688    i.OSTaskReturnHook  os_cpu_c.o
    0x08001fb4   0x00000170   Code   RO         3206    i.OSTaskSemPend     os_task.o
    0x08002124   0x000000ac   Code   RO         3210    i.OSTaskStkChk      os_task.o
    0x080021d0   0x00000070   Code   RO         3689    i.OSTaskStkInit     os_cpu_c.o
    0x08002240   0x00000054   Code   RO         3211    i.OSTaskSuspend     os_task.o
    0x08002294   0x00000068   Code   RO         3690    i.OSTaskSwHook      os_cpu_c.o
    0x080022fc   0x000000ec   Code   RO         3435    i.OSTimeDly         os_time.o
    0x080023e8   0x00000188   Code   RO         3436    i.OSTimeDlyHMSM     os_time.o
    0x08002570   0x00000040   Code   RO         3440    i.OSTimeTick        os_time.o
    0x080025b0   0x00000010   Code   RO         3691    i.OSTimeTickHook    os_cpu_c.o
    0x080025c0   0x00000002   Code   RO         2656    i.OS_Dbg_Init       os_dbg.o
    0x080025c2   0x00000002   PAD
    0x080025c4   0x00000018   Code   RO         2571    i.OS_FlagInit       os_flag.o
    0x080025dc   0x00000188   Code   RO         2572    i.OS_FlagPost       os_flag.o
    0x08002764   0x00000044   Code   RO         2573    i.OS_FlagTaskRdy    os_flag.o
    0x080027a8   0x00000034   Code   RO         2317    i.OS_IdleTask       os_core.o
    0x080027dc   0x00000068   Code   RO         2318    i.OS_IdleTaskInit   os_core.o
    0x08002844   0x000000b8   Code   RO         2684    i.OS_IntQPost       os_int.o
    0x080028fc   0x0000011c   Code   RO         2685    i.OS_IntQRePost     os_int.o
    0x08002a18   0x00000088   Code   RO         2686    i.OS_IntQTask       os_int.o
    0x08002aa0   0x00000118   Code   RO         2687    i.OS_IntQTaskInit   os_int.o
    0x08002bb8   0x00000018   Code   RO         2730    i.OS_MemInit        os_mem.o
    0x08002bd0   0x00000068   Code   RO         2774    i.OS_MsgPoolInit    os_msg.o
    0x08002c38   0x00000034   Code   RO         2775    i.OS_MsgQFreeAll    os_msg.o
    0x08002c6c   0x0000000e   Code   RO         2777    i.OS_MsgQInit       os_msg.o
    0x08002c7a   0x00000002   PAD
    0x08002c7c   0x00000088   Code   RO         2778    i.OS_MsgQPut        os_msg.o
    0x08002d04   0x00000018   Code   RO         2830    i.OS_MutexInit      os_mutex.o
    0x08002d1c   0x00000050   Code   RO         2319    i.OS_Pend           os_core.o
    0x08002d6c   0x00000030   Code   RO         2322    i.OS_PendDataInit   os_core.o
    0x08002d9c   0x00000048   Code   RO         2323    i.OS_PendDbgNameAdd  os_core.o
    0x08002de4   0x0000001c   Code   RO         2324    i.OS_PendDbgNameRemove  os_core.o
    0x08002e00   0x0000000a   Code   RO         2326    i.OS_PendListInit   os_core.o
    0x08002e0a   0x0000005a   Code   RO         2328    i.OS_PendListInsertPrio  os_core.o
    0x08002e64   0x00000026   Code   RO         2329    i.OS_PendListRemove  os_core.o
    0x08002e8a   0x00000036   Code   RO         2330    i.OS_PendListRemove1  os_core.o
    0x08002ec0   0x00000098   Code   RO         2333    i.OS_Post           os_core.o
    0x08002f58   0x00000026   Code   RO         2334    i.OS_Post1          os_core.o
    0x08002f7e   0x00000002   PAD
    0x08002f80   0x00000024   Code   RO         2936    i.OS_PrioGetHighest  os_prio.o
    0x08002fa4   0x0000000c   Code   RO         2937    i.OS_PrioInit       os_prio.o
    0x08002fb0   0x00000020   Code   RO         2938    i.OS_PrioInsert     os_prio.o
    0x08002fd0   0x00000020   Code   RO         2939    i.OS_PrioRemove     os_prio.o
    0x08002ff0   0x00000018   Code   RO         2994    i.OS_QInit          os_q.o
    0x08003008   0x00000104   Code   RO         2995    i.OS_QPost          os_q.o
    0x0800310c   0x00000024   Code   RO         2335    i.OS_RdyListInit    os_core.o
    0x08003130   0x00000030   Code   RO         2336    i.OS_RdyListInsert  os_core.o
    0x08003160   0x00000038   Code   RO         2337    i.OS_RdyListInsertHead  os_core.o
    0x08003198   0x00000034   Code   RO         2338    i.OS_RdyListInsertTail  os_core.o
    0x080031cc   0x00000034   Code   RO         2339    i.OS_RdyListMoveHeadToTail  os_core.o
    0x08003200   0x00000054   Code   RO         2340    i.OS_RdyListRemove  os_core.o
    0x08003254   0x00000048   Code   RO         2341    i.OS_Sched0         os_core.o
    0x0800329c   0x0000001c   Code   RO         2342    i.OS_SchedLockTimeMeasStart  os_core.o
    0x080032b8   0x0000003c   Code   RO         2343    i.OS_SchedLockTimeMeasStop  os_core.o
    0x080032f4   0x00000068   Code   RO         2344    i.OS_SchedRoundRobin  os_core.o
    0x0800335c   0x00000024   Code   RO         3076    i.OS_SemDbgListAdd  os_sem.o
    0x08003380   0x00000018   Code   RO         3078    i.OS_SemInit        os_sem.o
    0x08003398   0x000000e4   Code   RO         3079    i.OS_SemPost        os_sem.o
    0x0800347c   0x000002a4   Code   RO         3155    i.OS_StatTask       os_stat.o
    0x08003720   0x000000bc   Code   RO         3156    i.OS_StatTaskInit   os_stat.o
    0x080037dc   0x0000002a   Code   RO         2345    i.OS_TaskBlock      os_core.o
    0x08003806   0x00000002   PAD
    0x08003808   0x00000024   Code   RO         3213    i.OS_TaskDbgListAdd  os_task.o
    0x0800382c   0x00000038   Code   RO         3214    i.OS_TaskDbgListRemove  os_task.o
    0x08003864   0x00000020   Code   RO         3215    i.OS_TaskInit       os_task.o
    0x08003884   0x000000c8   Code   RO         3216    i.OS_TaskInitTCB    os_task.o
    0x0800394c   0x00000144   Code   RO         3217    i.OS_TaskQPost      os_task.o
    0x08003a90   0x0000001c   Code   RO         2346    i.OS_TaskRdy        os_core.o
    0x08003aac   0x00000100   Code   RO         3218    i.OS_TaskResume     os_task.o
    0x08003bac   0x00000018   Code   RO         3219    i.OS_TaskReturn     os_task.o
    0x08003bc4   0x00000188   Code   RO         3220    i.OS_TaskSemPost    os_task.o
    0x08003d4c   0x000000e8   Code   RO         3221    i.OS_TaskSuspend    os_task.o
    0x08003e34   0x0000002c   Code   RO         3375    i.OS_TickListInit   os_tick.o
    0x08003e60   0x000000d8   Code   RO         3376    i.OS_TickListInsert  os_tick.o
    0x08003f38   0x00000036   Code   RO         3377    i.OS_TickListRemove  os_tick.o
    0x08003f6e   0x00000002   PAD
    0x08003f70   0x00000028   Code   RO         3378    i.OS_TickListResetPeak  os_tick.o
    0x08003f98   0x0000017c   Code   RO         3379    i.OS_TickListUpdate  os_tick.o
    0x08004114   0x00000028   Code   RO         3380    i.OS_TickTask       os_tick.o
    0x0800413c   0x000000a8   Code   RO         3381    i.OS_TickTaskInit   os_tick.o
    0x080041e4   0x00000104   Code   RO         3498    i.OS_TmrInit        os_tmr.o
    0x080042e8   0x00000098   Code   RO         3499    i.OS_TmrLink        os_tmr.o
    0x08004380   0x00000028   Code   RO         3500    i.OS_TmrResetPeak   os_tmr.o
    0x080043a8   0x000000a4   Code   RO         3501    i.OS_TmrTask        os_tmr.o
    0x0800444c   0x0000004c   Code   RO         3502    i.OS_TmrUnlink      os_tmr.o
    0x08004498   0x00000002   Code   RO          124    i.SVC_Handler       stm32f1xx_it.o
    0x0800449a   0x00000002   PAD
    0x0800449c   0x00000020   Code   RO         3854    i.SysTick_Handler   delay.o
    0x080044bc   0x00000068   Code   RO          286    i.SystemClock_Config  main.o
    0x08004524   0x00000048   Code   RO            5    i.SystemInit        system_stm32f1xx.o
    0x0800456c   0x00000170   Code   RO          366    i.UART_SetConfig    stm32f1xx_hal_uart.o
    0x080046dc   0x00000092   Code   RO          368    i.UART_WaitOnFlagUntilTimeout  stm32f1xx_hal_uart.o
    0x0800476e   0x00000002   Code   RO          125    i.UsageFault_Handler  stm32f1xx_it.o
    0x08004770   0x00000020   Code   RO         4135    i.__0printf$2       mc_w.l(printf2.o)
    0x08004790   0x0000000e   Code   RO         4367    i.__scatterload_copy  mc_w.l(handlers.o)
    0x0800479e   0x00000002   Code   RO         4368    i.__scatterload_null  mc_w.l(handlers.o)
    0x080047a0   0x0000000e   Code   RO         4369    i.__scatterload_zeroinit  mc_w.l(handlers.o)
    0x080047ae   0x000000d6   Code   RO         4142    i._printf_core      mc_w.l(printf2.o)
    0x08004884   0x00000058   Code   RO         3855    i.delay_init        delay.o
    0x080048dc   0x00000044   Code   RO         3856    i.delay_ms          delay.o
    0x08004920   0x0000000c   Code   RO         3859    i.delay_ostimedly   delay.o
    0x0800492c   0x00000044   Code   RO         3860    i.delay_us          delay.o
    0x08004970   0x0000008c   Code   RO         3921    i.float_task        bsp_main.o
    0x080049fc   0x0000001c   Code   RO          240    i.fputc             usart.o
    0x08004a18   0x0000009c   Code   RO         3922    i.led0_task         bsp_main.o
    0x08004ab4   0x00000016   Code   RO          287    i.main              main.o
    0x08004aca   0x00000002   PAD
    0x08004acc   0x00000138   Code   RO         3923    i.start_task        bsp_main.o
    0x08004c04   0x00000010   Data   RO            6    .constdata          system_stm32f1xx.o
    0x08004c14   0x00000008   Data   RO            7    .constdata          system_stm32f1xx.o
    0x08004c1c   0x00000004   Data   RO         2208    .constdata          os_cfg_app.o
    0x08004c20   0x00000004   Data   RO         2209    .constdata          os_cfg_app.o
    0x08004c24   0x00000004   Data   RO         2210    .constdata          os_cfg_app.o
    0x08004c28   0x00000004   Data   RO         2212    .constdata          os_cfg_app.o
    0x08004c2c   0x00000002   Data   RO         2213    .constdata          os_cfg_app.o
    0x08004c2e   0x00000002   PAD
    0x08004c30   0x00000004   Data   RO         2215    .constdata          os_cfg_app.o
    0x08004c34   0x00000004   Data   RO         2216    .constdata          os_cfg_app.o
    0x08004c38   0x00000004   Data   RO         2217    .constdata          os_cfg_app.o
    0x08004c3c   0x00000004   Data   RO         2219    .constdata          os_cfg_app.o
    0x08004c40   0x00000004   Data   RO         2220    .constdata          os_cfg_app.o
    0x08004c44   0x00000002   Data   RO         2222    .constdata          os_cfg_app.o
    0x08004c46   0x00000002   PAD
    0x08004c48   0x00000004   Data   RO         2224    .constdata          os_cfg_app.o
    0x08004c4c   0x00000001   Data   RO         2225    .constdata          os_cfg_app.o
    0x08004c4d   0x00000003   PAD
    0x08004c50   0x00000004   Data   RO         2226    .constdata          os_cfg_app.o
    0x08004c54   0x00000004   Data   RO         2227    .constdata          os_cfg_app.o
    0x08004c58   0x00000004   Data   RO         2228    .constdata          os_cfg_app.o
    0x08004c5c   0x00000004   Data   RO         2229    .constdata          os_cfg_app.o
    0x08004c60   0x00000004   Data   RO         2231    .constdata          os_cfg_app.o
    0x08004c64   0x00000004   Data   RO         2232    .constdata          os_cfg_app.o
    0x08004c68   0x00000001   Data   RO         2233    .constdata          os_cfg_app.o
    0x08004c69   0x00000003   PAD
    0x08004c6c   0x00000004   Data   RO         2234    .constdata          os_cfg_app.o
    0x08004c70   0x00000004   Data   RO         2235    .constdata          os_cfg_app.o
    0x08004c74   0x00000004   Data   RO         2236    .constdata          os_cfg_app.o
    0x08004c78   0x00000002   Data   RO         2238    .constdata          os_cfg_app.o
    0x08004c7a   0x00000001   Data   RO         2240    .constdata          os_cfg_app.o
    0x08004c7b   0x00000001   PAD
    0x08004c7c   0x00000004   Data   RO         2241    .constdata          os_cfg_app.o
    0x08004c80   0x00000004   Data   RO         2242    .constdata          os_cfg_app.o
    0x08004c84   0x00000004   Data   RO         2243    .constdata          os_cfg_app.o
    0x08004c88   0x00000004   Data   RO         2244    .constdata          os_cfg_app.o
    0x08004c8c   0x00000002   Data   RO         2246    .constdata          os_cfg_app.o
    0x08004c8e   0x00000002   PAD
    0x08004c90   0x00000020   Data   RO         4365    Region$$Table       anon$$obj.o


    Execution Region RW_IRAM1 (Base: 0x20000000, Size: 0x00002df8, Max: 0x00005000, ABSOLUTE)

    Base Addr    Size         Type   Attr      Idx    E Section Name        Object

    0x20000000   0x00000004   Data   RW            8    .data               system_stm32f1xx.o
    0x20000004   0x00000004   Data   RW          587    .data               stm32f1xx_hal.o
    0x20000008   0x0000001c   Data   RW         1595    .data               cpu_core.o
    0x20000024   0x00000004   Data   RW         2940    .data               os_prio.o
    0x20000028   0x00000004   Data   RW         3598    .data               os_var.o
    0x2000002c   0x00000004   Data   RW         3599    .data               os_var.o
    0x20000030   0x00000004   Data   RW         3600    .data               os_var.o
    0x20000034   0x00000004   Data   RW         3601    .data               os_var.o
    0x20000038   0x00000004   Data   RW         3602    .data               os_var.o
    0x2000003c   0x00000004   Data   RW         3603    .data               os_var.o
    0x20000040   0x00000004   Data   RW         3604    .data               os_var.o
    0x20000044   0x00000004   Data   RW         3605    .data               os_var.o
    0x20000048   0x00000001   Data   RW         3606    .data               os_var.o
    0x20000049   0x00000003   PAD
    0x2000004c   0x00000004   Data   RW         3607    .data               os_var.o
    0x20000050   0x00000001   Data   RW         3608    .data               os_var.o
    0x20000051   0x00000003   PAD
    0x20000054   0x00000004   Data   RW         3609    .data               os_var.o
    0x20000058   0x00000004   Data   RW         3610    .data               os_var.o
    0x2000005c   0x00000002   Data   RW         3611    .data               os_var.o
    0x2000005e   0x00000002   Data   RW         3612    .data               os_var.o
    0x20000060   0x00000002   Data   RW         3613    .data               os_var.o
    0x20000062   0x00000002   PAD
    0x20000064   0x00000004   Data   RW         3614    .data               os_var.o
    0x20000068   0x00000004   Data   RW         3615    .data               os_var.o
    0x2000006c   0x00000002   Data   RW         3616    .data               os_var.o
    0x2000006e   0x00000002   PAD
    0x20000070   0x00000004   Data   RW         3617    .data               os_var.o
    0x20000074   0x00000002   Data   RW         3618    .data               os_var.o
    0x20000076   0x00000002   PAD
    0x20000078   0x00000004   Data   RW         3619    .data               os_var.o
    0x2000007c   0x00000002   Data   RW         3620    .data               os_var.o
    0x2000007e   0x00000001   Data   RW         3621    .data               os_var.o
    0x2000007f   0x00000001   Data   RW         3622    .data               os_var.o
    0x20000080   0x00000001   Data   RW         3623    .data               os_var.o
    0x20000081   0x00000003   PAD
    0x20000084   0x00000004   Data   RW         3624    .data               os_var.o
    0x20000088   0x00000002   Data   RW         3625    .data               os_var.o
    0x2000008a   0x00000002   PAD
    0x2000008c   0x00000004   Data   RW         3626    .data               os_var.o
    0x20000090   0x00000004   Data   RW         3627    .data               os_var.o
    0x20000094   0x00000004   Data   RW         3628    .data               os_var.o
    0x20000098   0x00000001   Data   RW         3629    .data               os_var.o
    0x20000099   0x00000003   PAD
    0x2000009c   0x00000004   Data   RW         3630    .data               os_var.o
    0x200000a0   0x00000001   Data   RW         3631    .data               os_var.o
    0x200000a1   0x00000003   PAD
    0x200000a4   0x00000004   Data   RW         3632    .data               os_var.o
    0x200000a8   0x00000002   Data   RW         3633    .data               os_var.o
    0x200000aa   0x00000001   Data   RW         3634    .data               os_var.o
    0x200000ab   0x00000001   PAD
    0x200000ac   0x00000002   Data   RW         3635    .data               os_var.o
    0x200000ae   0x00000002   Data   RW         3636    .data               os_var.o
    0x200000b0   0x00000004   Data   RW         3637    .data               os_var.o
    0x200000b4   0x00000004   Data   RW         3638    .data               os_var.o
    0x200000b8   0x00000004   Data   RW         3639    .data               os_var.o
    0x200000bc   0x00000001   Data   RW         3640    .data               os_var.o
    0x200000bd   0x00000003   PAD
    0x200000c0   0x00000004   Data   RW         3641    .data               os_var.o
    0x200000c4   0x00000004   Data   RW         3642    .data               os_var.o
    0x200000c8   0x00000004   Data   RW         3643    .data               os_var.o
    0x200000cc   0x00000002   Data   RW         3644    .data               os_var.o
    0x200000ce   0x00000001   Data   RW         3645    .data               os_var.o
    0x200000cf   0x00000001   PAD
    0x200000d0   0x00000004   Data   RW         3646    .data               os_var.o
    0x200000d4   0x00000004   Data   RW         3647    .data               os_var.o
    0x200000d8   0x00000004   Data   RW         3648    .data               os_var.o
    0x200000dc   0x00000004   Data   RW         3650    .data               os_var.o
    0x200000e0   0x00000004   Data   RW         3651    .data               os_var.o
    0x200000e4   0x00000004   Data   RW         3652    .data               os_var.o
    0x200000e8   0x00000004   Data   RW         3653    .data               os_var.o
    0x200000ec   0x00000004   Data   RW         3654    .data               os_var.o
    0x200000f0   0x00000004   Data   RW         3655    .data               os_var.o
    0x200000f4   0x00000004   Data   RW         3694    .data               os_cpu_c.o
    0x200000f8   0x00000004   Data   RW         3861    .data               delay.o
    0x200000fc   0x00000004   Data   RW         4343    .data               mc_w.l(stdout.o)
    0x20000100   0x00000040   Zero   RW          241    .bss                usart.o
    0x20000140   0x00000010   Zero   RW         1593    .bss                cpu_core.o
    0x20000150   0x00000200   Zero   RW         2198    .bss                os_cfg_app.o
    0x20000350   0x00000140   Zero   RW         2199    .bss                os_cfg_app.o
    0x20000490   0x00000200   Zero   RW         2200    .bss                os_cfg_app.o
    0x20000690   0x00000200   Zero   RW         2201    .bss                os_cfg_app.o
    0x20000890   0x00000640   Zero   RW         2202    .bss                os_cfg_app.o
    0x20000ed0   0x00000200   Zero   RW         2203    .bss                os_cfg_app.o
    0x200010d0   0x00000200   Zero   RW         2204    .bss                os_cfg_app.o
    0x200012d0   0x00000088   Zero   RW         2205    .bss                os_cfg_app.o
    0x20001358   0x00000200   Zero   RW         2206    .bss                os_cfg_app.o
    0x20001558   0x00000088   Zero   RW         2207    .bss                os_cfg_app.o
    0x200015e0   0x000000c8   Zero   RW         3591    .bss                os_var.o
    0x200016a8   0x000000c8   Zero   RW         3592    .bss                os_var.o
    0x20001770   0x0000000c   Zero   RW         3593    .bss                os_var.o
    0x2000177c   0x00000180   Zero   RW         3594    .bss                os_var.o
    0x200018fc   0x000000c8   Zero   RW         3595    .bss                os_var.o
    0x200019c4   0x000000c8   Zero   RW         3596    .bss                os_var.o
    0x20001a8c   0x000000c8   Zero   RW         3597    .bss                os_var.o
    0x20001b54   0x00000004   PAD
    0x20001b58   0x00000e9e   Zero   RW         3924    .bss                bsp_main.o
    0x200029f6   0x00000002   PAD
    0x200029f8   0x00000400   Zero   RW         1482    STACK               startup_stm32f103xb.o


==============================================================================

Image component sizes


      Code (inc. data)   RO Data    RW Data    ZI Data      Debug   Object Name

        60         16          0          0          0      22738   bsp.o
       880        260          0          0       3742       3455   bsp_main.o
        52          0          0          0          0        356   cpu_a.o
       344         48          0         28         16      15988   cpu_core.o
       268         42          0          4          0       4125   delay.o
       100          8          0          0          0        883   gpio.o
        84          0          0          0          0       1732   lib_mem.o
       128          0          0          0          0       2228   main.o
         2          0        103          0       5264      21798   os_cfg_app.o
      2500        430          0          0          0      40622   os_core.o
       152         32          0          0          0        412   os_cpu_a.o
       364         60          0          4          0       6896   os_cpu_c.o
         2          0          0          0          0        910   os_dbg.o
       484         28          0          0          0       3255   os_flag.o
       884        200          0          0          0       3646   os_int.o
        24         10          0          0          0        873   os_mem.o
       306         20          0          0          0       3305   os_msg.o
        24         10          0          0          0        961   os_mutex.o
       112         16          0          4          0       2818   os_prio.o
       284         18          0          0          0       2316   os_q.o
       964         68          0          0          0       5779   os_sem.o
      1292        220          0          0          0       4163   os_stat.o
      3156        250          0          0          0      14152   os_task.o
       942        128          0          0          0       5733   os_tick.o
       692         42          0          0          0       3121   os_time.o
       692        136          0          0          0       4188   os_tmr.o
         0          0          0        176       1396      19517   os_var.o
        36          8        236          0       1024        776   startup_stm32f103xb.o
       104         10          0          4          0       3148   stm32f1xx_hal.o
       196         14          0          0          0      25732   stm32f1xx_hal_cortex.o
       462         36          0          0          0       3649   stm32f1xx_hal_gpio.o
       128         10          0          0          0        850   stm32f1xx_hal_msp.o
      2042         98          0          0          0       5856   stm32f1xx_hal_rcc.o
       812          4          0          0          0       4028   stm32f1xx_hal_uart.o
        14          0          0          0          0       2971   stm32f1xx_it.o
        72         16         24          4          0     427407   system_stm32f1xx.o
       172         24          0          0         64       2174   usart.o

    ----------------------------------------------------------------------
     18856       2262        408        252      11512     672561   Object Totals
         0          0         32          0          0          0   (incl. Generated)
        26          0         13         28          6          0   (incl. Padding)

    ----------------------------------------------------------------------

      Code (inc. data)   RO Data    RW Data    ZI Data      Debug   Library Member Name

         0          0          0          0          0          0   entry.o
         0          0          0          0          0          0   entry10a.o
         0          0          0          0          0          0   entry11a.o
         8          4          0          0          0          0   entry2.o
         4          0          0          0          0          0   entry5.o
         0          0          0          0          0          0   entry7b.o
         0          0          0          0          0          0   entry8b.o
         8          4          0          0          0          0   entry9a.o
        30          0          0          0          0          0   handlers.o
        36          8          0          0          0         68   init.o
        36          0          0          0          0         68   memcpya.o
       246         10          0          0          0        176   printf2.o
         0          0          0          4          0          0   stdout.o

    ----------------------------------------------------------------------
       368         26          0          4          0        312   Library Totals
         0          0          0          0          0          0   (incl. Padding)

    ----------------------------------------------------------------------

      Code (inc. data)   RO Data    RW Data    ZI Data      Debug   Library Name

       368         26          0          4          0        312   mc_w.l

    ----------------------------------------------------------------------
       368         26          0          4          0        312   Library Totals

    ----------------------------------------------------------------------

==============================================================================


      Code (inc. data)   RO Data    RW Data    ZI Data      Debug   

     19224       2288        408        256      11512     664705   Grand Totals
     19224       2288        408        256      11512     664705   ELF Image Totals
     19224       2288        408        256          0          0   ROM Totals

==============================================================================

    Total RO  Size (Code + RO Data)                19632 (  19.17kB)
    Total RW  Size (RW Data + ZI Data)             11768 (  11.49kB)
    Total ROM Size (Code + RO Data + RW Data)      19888 (  19.42kB)

==============================================================================

